<html>
<body>
<pre>
<h1>µVision Build Log</h1>
<h2>Tool Versions:</h2>
IDE-Version: ¶ÃVision V5.28.0.0
Copyright (C) 2019 ARM Ltd and ARM Germany GmbH. All rights reserved.
License Information: l cj, ms, LIC=3UUCX-HHEST-RDIK3-AXA96-KPD1B-H0ZEM
 
Tool Versions:
Toolchain:       MDK-ARM Professional  Version: 5.28.0.0
Toolchain Path:  C:\Keil_v5\ARM\ARMCC\Bin
C Compiler:      Armcc.exe V5.06 update 6 (build 750)
Assembler:       Armasm.exe V5.06 update 6 (build 750)
Linker/Locator:  ArmLink.exe V5.06 update 6 (build 750)
Library Manager: ArmAr.exe V5.06 update 6 (build 750)
Hex Converter:   FromElf.exe V5.06 update 6 (build 750)
CPU DLL:         SARMCM3.DLL V5.28.0.0
Dialog DLL:      DCM.DLL V1.17.3.0
Target DLL:      TI_XDS\XDS2CM3.dll V1.0.6.0
Dialog DLL:      TCM.DLL V1.36.2.0
 
<h2>Project:</h2>
C:\Users\44606\Desktop\IOT2\π§≥Ã10_01\keil\uart.uvprojx
Project File Date:  12/23/2020

<h2>Output:</h2>
*** Using Compiler 'V5.06 update 6 (build 750)', folder: 'C:\Keil_v5\ARM\ARMCC\Bin'
*** Warning: You are compiling one or more files of source type C++ and have selected 'use MicroLIB'. MicroLIB does not support C++!
  
Rebuild target 'uart'
assembling startup_msp432p401r_uvision.s...
compiling sign_mqtt.cpp...
compiling sign_sha256.cpp...
compiling cJSON.c...
..\cJSON.c(1994): warning:  #2803-D: unrecognized GCC pragma
      #pragma GCC diagnostic push
..\cJSON.c(1997): warning:  #2803-D: unrecognized GCC pragma
  #pragma GCC diagnostic ignored "-Wcast-qual"
..\cJSON.c(2005): warning:  #2803-D: unrecognized GCC pragma
      #pragma GCC diagnostic pop
..\cJSON.c: 3 warnings, 0 errors
compiling system_msp432p401r.c...
compiling sht2x.c...
..\sht2x.c(129): warning:  #1035-D: single-precision operand implicitly converted to double-precision
      TEMP = ((float)ST * 0.00268127) - 46.85;
..\sht2x.c(145): warning:  #1035-D: single-precision operand implicitly converted to double-precision
      HUMI = ((float)SRH * 0.00190735) - 6;
..\sht2x.c(79): warning:  #550-D: variable "i2c"  was set but never used
  static void *i2c = NULL;
..\sht2x.c: 3 warnings, 0 errors
compiling tick.c...
compiling exti.c...
compiling buffer.c...
compiling myUart.c...
compiling oled.c...
compiling led.c...
compiling i2c.c...
compiling sw.c...
compiling ATCommand.c...
compiling main.c...
..\main.c(265): warning:  #111-D: statement is unreachable
  		GPIO_setOutputHighOnPin(GPIO_PORT_P2,GPIO_PIN1);   //P2.1ËæìÂá∫È´òÁîµÂπ≥ÔºåLED2‰∏≠ÁªøÁÅØ‰∫Æ
..\main.c: 1 warning, 0 errors
compiling myTimer.c...
linking...
Program Size: Code=20812 RO-data=3524 RW-data=144 ZI-data=9400  
".\Objects\uart.axf" - 0 Error(s), 7 Warning(s).

<h2>Software Packages used:</h2>

Package Vendor: TexasInstruments
                http://software-dl.ti.com/msp430/msp430_public_sw/mcu/msp430/msp432cmsis/latest/exports/TexasInstruments.MSP432P4xx_DFP.3.2.6.pack
                TexasInstruments.MSP432P4xx_DFP.3.2.6
                Device Family Pack for Texas Instruments SimpleLink(TM) MSP432 Series

<h2>Collection of Component include folders:</h2>
  .\RTE\_uart
  C:\Users\44606\AppData\Local\Arm\Packs\TexasInstruments\MSP432P4xx_DFP\3.2.6\Device\Include

<h2>Collection of Component Files used:</h2>
Build Time Elapsed:  00:00:03
</pre>
</body>
</html>
