Component: ARM Compiler 5.06 update 6 (build 750) Tool: armlink [4d35ed]

==============================================================================

Section Cross References

    system_msp432p401r.o(i.SystemCoreClockUpdate) refers to system_msp432p401r.o(.data) for SystemCoreClock
    startup_msp432p401r_uvision.o(RESET) refers to startup_msp432p401r_uvision.o(STACK) for __initial_sp
    startup_msp432p401r_uvision.o(RESET) refers to startup_msp432p401r_uvision.o(.text) for Reset_Handler
    startup_msp432p401r_uvision.o(RESET) refers to tick.o(i.SysTick_Handler) for SysTick_Handler
    startup_msp432p401r_uvision.o(RESET) refers to myuart.o(i.EUSCIA2_IRQHandler) for EUSCIA2_IRQHandler
    startup_msp432p401r_uvision.o(RESET) refers to exti.o(i.PORT1_IRQHandler) for PORT1_IRQHandler
    startup_msp432p401r_uvision.o(.text) refers to system_msp432p401r.o(i.SystemInit) for SystemInit
    startup_msp432p401r_uvision.o(.text) refers to entry.o(.ARM.Collect$$$$00000000) for __main
    main.o(i.main) refers to flash_MSP432P4XX.o(i.FlashCtl_setWaitState) for FlashCtl_setWaitState
    main.o(i.main) refers to tick.o(i.ms_ticker_init) for ms_ticker_init
    main.o(i.main) refers to led.o(i.LED_Init) for LED_Init
    main.o(i.main) refers to myuart.o(i.myUartInit) for myUartInit
    main.o(i.main) refers to exti.o(i.EXTIX_Init) for EXTIX_Init
    main.o(i.main) refers to sht2x.o(i.SHT2x_Init) for SHT2x_Init
    main.o(i.main) refers to oled.o(i.OLED_Init) for OLED_Init
    main.o(i.main) refers to oled.o(i.OLED_Clear) for OLED_Clear
    main.o(i.main) refers to oled.o(i.OLED_ShowString) for OLED_ShowString
    main.o(i.main) refers to atcommand.o(i.recoverDeviceInfo) for recoverDeviceInfo
    main.o(i.main) refers to mallocr.o(i.__malloc$realloc) for malloc
    main.o(i.main) refers to strcpy.o(.text) for strcpy
    main.o(i.main) refers to sign_mqtt.o(i.IOT_Sign_MQTT) for IOT_Sign_MQTT
    main.o(i.main) refers to printfa.o(i.__0printf) for __2printf
    main.o(i.main) refers to mallocr.o(i.__free$realloc) for free
    main.o(i.main) refers to tick.o(i.delay_ms) for delay_ms
    main.o(i.main) refers to atcommand.o(i.execAT) for execAT
    main.o(i.main) refers to atcommand.o(i.AT_generate_wifi_connect_command) for AT_generate_wifi_connect_command
    main.o(i.main) refers to atcommand.o(i.checkWifiConnection) for checkWifiConnection
    main.o(i.main) refers to atcommand.o(i.AT_generate_MQTTAUTH_command) for AT_generate_MQTTAUTH_command
    main.o(i.main) refers to atcommand.o(i.AT_generate_MQTTSOCK_command) for AT_generate_MQTTSOCK_command
    main.o(i.main) refers to atcommand.o(i.AT_generate_MQTTCID_command) for AT_generate_MQTTCID_command
    main.o(i.main) refers to atcommand.o(i.receiveDeviceInfotFromALiIOT) for receiveDeviceInfotFromALiIOT
    main.o(i.main) refers to atcommand.o(i.storeDeviceInfo) for storeDeviceInfo
    main.o(i.main) refers to main.o(.data) for DeviceName
    main.o(i.main) refers to main.o(.bss) for ATCommandBuffer
    main.o(i.main) refers to buffer.o(.bss) for myBuffer
    main.o(i.main) refers to atcommand.o(i.AT_generate_MQTTSUB_command) for AT_generate_MQTTSUB_command
    main.o(i.main) refers to atcommand.o(i.AT_generate_MQTTPUB_command) for AT_generate_MQTTPUB_command
    main.o(i.main) refers to sht2x.o(i.SHT2x_GetTempPoll) for SHT2x_GetTempPoll
    main.o(i.main) refers to sht2x.o(i.SHT2x_GetHumiPoll) for SHT2x_GetHumiPoll
    main.o(i.main) refers to f2d.o(.text) for __aeabi_f2d
    main.o(i.main) refers to atcommand.o(i.AT_Send_message) for AT_Send_message
    main.o(i.main) refers to exti.o(.data) for exti1
    main.o(i.main) refers to main.o(.conststring) for .conststring
    main.o(.data) refers to main.o(.conststring) for .conststring
    myuart.o(i.EUSCIA2_IRQHandler) refers to uart_MSP432P4XX.o(i.UART_receiveData) for UART_receiveData
    myuart.o(i.EUSCIA2_IRQHandler) refers to buffer.o(i.EnBuffer) for EnBuffer
    myuart.o(i.EUSCIA2_IRQHandler) refers to buffer.o(.bss) for myBuffer
    myuart.o(i.Usart_SendByte) refers to uart_MSP432P4XX.o(i.UART_transmitData) for UART_transmitData
    myuart.o(i.Usart_SendString) refers to myuart.o(i.Usart_SendByte) for Usart_SendByte
    myuart.o(i.myEUSCIA0Init) refers to memcpy.o(.text) for __aeabi_memcpy4
    myuart.o(i.myEUSCIA0Init) refers to myuart.o(.constdata) for .constdata
    myuart.o(i.myUartInit) refers to memcpy.o(.text) for __aeabi_memcpy4
    myuart.o(i.myUartInit) refers to buffer.o(i.BufferInit) for BufferInit
    myuart.o(i.myUartInit) refers to myuart.o(.constdata) for .constdata
    myuart.o(i.myUartInit) refers to buffer.o(.bss) for myBuffer
    tick.o(i.SysTick_Handler) refers to tick.o(.data) for _ticker_count
    tick.o(i.delay_ms) refers to tick.o(i.ms_ticker_read) for ms_ticker_read
    tick.o(i.ms_ticker_init) refers to system_msp432p401r.o(.data) for SystemCoreClock
    tick.o(i.ms_ticker_read) refers to tick.o(.data) for _ticker_count
[...]
    Removing interrupt_MSP432P4XX.o(i.Interrupt_setVectorTableAddress), (12 bytes).
    Removing interrupt_MSP432P4XX.o(i.Interrupt_unpendInterrupt), (68 bytes).
    Removing interrupt_MSP432P4XX.o(i.Interrupt_unregisterInterrupt), (20 bytes).
    Removing interrupt_MSP432P4XX.o(.constdata), (144 bytes).
    Removing interrupt_MSP432P4XX.o(vtable), (232 bytes).
    Removing sysctl_MSP432P4XX.o(.rev16_text), (4 bytes).
    Removing sysctl_MSP432P4XX.o(.revsh_text), (4 bytes).
    Removing sysctl_MSP432P4XX.o(.rrx_text), (6 bytes).
    Removing sysctl_MSP432P4XX.o(i.SysCtl_disableGlitchFilter), (16 bytes).
    Removing sysctl_MSP432P4XX.o(i.SysCtl_disableNMISource), (16 bytes).
    Removing sysctl_MSP432P4XX.o(i.SysCtl_disablePeripheralAtCPUHalt), (16 bytes).
    Removing sysctl_MSP432P4XX.o(i.SysCtl_disableSRAMBank), (84 bytes).
    Removing sysctl_MSP432P4XX.o(i.SysCtl_disableSRAMBankRetention), (24 bytes).
    Removing sysctl_MSP432P4XX.o(i.SysCtl_enableGlitchFilter), (16 bytes).
    Removing sysctl_MSP432P4XX.o(i.SysCtl_enableNMISource), (16 bytes).
    Removing sysctl_MSP432P4XX.o(i.SysCtl_enablePeripheralAtCPUHalt), (16 bytes).
    Removing sysctl_MSP432P4XX.o(i.SysCtl_enableSRAMBank), (24 bytes).
    Removing sysctl_MSP432P4XX.o(i.SysCtl_enableSRAMBankRetention), (24 bytes).
    Removing sysctl_MSP432P4XX.o(i.SysCtl_getFlashSize), (12 bytes).
    Removing sysctl_MSP432P4XX.o(i.SysCtl_getNMISourceStatus), (16 bytes).
    Removing sysctl_MSP432P4XX.o(i.SysCtl_getSRAMSize), (12 bytes).
    Removing sysctl_MSP432P4XX.o(i.SysCtl_getTLVInfo), (80 bytes).
    Removing sysctl_MSP432P4XX.o(i.SysCtl_getTempCalibrationConstant), (14 bytes).
    Removing sysctl_MSP432P4XX.o(i.SysCtl_rebootDevice), (16 bytes).
    Removing sysctl_MSP432P4XX.o(i.SysCtl_setWDTPasswordViolationResetType), (24 bytes).
    Removing sysctl_MSP432P4XX.o(i.SysCtl_setWDTTimeoutResetType), (24 bytes).
    Removing dflti.o(.text), (34 bytes).

335 unused section(s) (total 17703 bytes) removed from the image.

==============================================================================

Image Symbol Table

    Local Symbols

    Symbol Name                              Value     Ov Type        Size  Object(Section)

    RESET                                    0x00000000   Section      324  startup_msp432p401r_uvision.o(RESET)
    ../clib/microlib/ctype/ctype.c           0x00000000   Number         0  isspace_c.o ABSOLUTE
    ../clib/microlib/ctype/ctype.c           0x00000000   Number         0  ctype_c.o ABSOLUTE
    ../clib/microlib/ctype/tolower.c         0x00000000   Number         0  tolower.o ABSOLUTE
    ../clib/microlib/division.c              0x00000000   Number         0  uldiv.o ABSOLUTE
    ../clib/microlib/division.c              0x00000000   Number         0  uidiv.o ABSOLUTE
    ../clib/microlib/init/entry.s            0x00000000   Number         0  entry.o ABSOLUTE
    ../clib/microlib/init/entry.s            0x00000000   Number         0  entry5.o ABSOLUTE
    ../clib/microlib/init/entry.s            0x00000000   Number         0  entry10a.o ABSOLUTE
    ../clib/microlib/init/entry.s            0x00000000   Number         0  entry2.o ABSOLUTE
    ../clib/microlib/init/entry.s            0x00000000   Number         0  entry7a.o ABSOLUTE
    ../clib/microlib/init/entry.s            0x00000000   Number         0  entry11b.o ABSOLUTE
    ../clib/microlib/init/entry.s            0x00000000   Number         0  entry7b.o ABSOLUTE
    ../clib/microlib/init/entry.s            0x00000000   Number         0  entry10b.o ABSOLUTE
    ../clib/microlib/init/entry.s            0x00000000   Number         0  entry8a.o ABSOLUTE
    ../clib/microlib/init/entry.s            0x00000000   Number         0  entry9b.o ABSOLUTE
    ../clib/microlib/init/entry.s            0x00000000   Number         0  entry8b.o ABSOLUTE
    ../clib/microlib/init/entry.s            0x00000000   Number         0  entry9a.o ABSOLUTE
    ../clib/microlib/init/entry.s            0x00000000   Number         0  entry11a.o ABSOLUTE
    ../clib/microlib/longlong.c              0x00000000   Number         0  llshl.o ABSOLUTE
    ../clib/microlib/longlong.c              0x00000000   Number         0  llsshr.o ABSOLUTE
    ../clib/microlib/longlong.c              0x00000000   Number         0  llushr.o ABSOLUTE
    ../clib/microlib/malloc/malloc.c         0x00000000   Number         0  mallocra.o ABSOLUTE
    ../clib/microlib/malloc/malloc.c         0x00000000   Number         0  malloca.o ABSOLUTE
    ../clib/microlib/malloc/malloc.c         0x00000000   Number         0  mallocr.o ABSOLUTE
    ../clib/microlib/malloc/malloc.c         0x00000000   Number         0  malloc.o ABSOLUTE
    ../clib/microlib/malloc/mvars.c          0x00000000   Number         0  mvars.o ABSOLUTE
    ../clib/microlib/printf/printf.c         0x00000000   Number         0  printf1.o ABSOLUTE
    ../clib/microlib/printf/printf.c         0x00000000   Number         0  printf2.o ABSOLUTE
    ../clib/microlib/printf/printf.c         0x00000000   Number         0  printf3.o ABSOLUTE
    ../clib/microlib/printf/printf.c         0x00000000   Number         0  printf4.o ABSOLUTE
    ../clib/microlib/printf/printf.c         0x00000000   Number         0  printf6.o ABSOLUTE
    ../clib/microlib/printf/printf.c         0x00000000   Number         0  printf7.o ABSOLUTE
    ../clib/microlib/printf/printf.c         0x00000000   Number         0  printf5.o ABSOLUTE
    ../clib/microlib/printf/printf.c         0x00000000   Number         0  printf8.o ABSOLUTE
    ../clib/microlib/printf/printf.c         0x00000000   Number         0  printfa.o ABSOLUTE
    ../clib/microlib/printf/printf.c         0x00000000   Number         0  printfb.o ABSOLUTE
    ../clib/microlib/printf/printf.c         0x00000000   Number         0  printf0.o ABSOLUTE
    ../clib/microlib/printf/stubs.s          0x00000000   Number         0  stubs.o ABSOLUTE
    ../clib/microlib/stdio/streams.c         0x00000000   Number         0  stdout.o ABSOLUTE
    ../clib/microlib/string/memcpy.c         0x00000000   Number         0  memcpyc.o ABSOLUTE
    ../clib/microlib/string/memcpy.c         0x00000000   Number         0  memcpyb.o ABSOLUTE
    ../clib/microlib/string/memcpy.c         0x00000000   Number         0  memcpya.o ABSOLUTE
    ../clib/microlib/string/memcpy.c         0x00000000   Number         0  memcpy.o ABSOLUTE
    ../clib/microlib/string/memset.c         0x00000000   Number         0  memseta.o ABSOLUTE
    ../clib/microlib/string/memset.c         0x00000000   Number         0  memset.o ABSOLUTE
    ../clib/microlib/string/strcmp.c         0x00000000   Number         0  strcmp.o ABSOLUTE
    ../clib/microlib/string/strcpy.c         0x00000000   Number         0  strcpy.o ABSOLUTE
    ../clib/microlib/string/strlen.c         0x00000000   Number         0  strlen.o ABSOLUTE
    ../clib/microlib/string/strncmp.c        0x00000000   Number         0  strncmp.o ABSOLUTE
    ../clib/microlib/stubs.s                 0x00000000   Number         0  iusefp.o ABSOLUTE
    ../clib/scanf.c                          0x00000000   Number         0  _sgetc.o ABSOLUTE
    ../clib/scanf.c                          0x00000000   Number         0  _scanf_str.o ABSOLUTE
    ../clib/scanf.c                          0x00000000   Number         0  _scanf_int.o ABSOLUTE
    ../clib/scanf.c                          0x00000000   Number         0  _scanf_longlong.o ABSOLUTE
    ../clib/scanf.c                          0x00000000   Number         0  sscanf.o ABSOLUTE
    ../clib/scanf.c                          0x00000000   Number         0  _scanf.o ABSOLUTE
    ../clib/scanf.c                          0x00000000   Number         0  _chval.o ABSOLUTE
    ../clib/scanf.c                          0x00000000   Number         0  strtod.o ABSOLUTE
    ../clib/scanf.c                          0x00000000   Number         0  scanf_char.o ABSOLUTE
    ../clib/scanf.c                          0x00000000   Number         0  scanf_fp.o ABSOLUTE
    ../fplib/microlib/d2f.c                  0x00000000   Number         0  d2f.o ABSOLUTE
    ../fplib/microlib/f2d.c                  0x00000000   Number         0  f2d.o ABSOLUTE
    ../fplib/microlib/fpadd.c                0x00000000   Number         0  dadd.o ABSOLUTE
    ../fplib/microlib/fpdiv.c                0x00000000   Number         0  ddiv.o ABSOLUTE
    ../fplib/microlib/fpepilogue.c           0x00000000   Number         0  depilogue.o ABSOLUTE
    ../fplib/microlib/fpepilogue.c           0x00000000   Number         0  fepilogue.o ABSOLUTE
    ../fplib/microlib/fpfix.c                0x00000000   Number         0  dfixul.o ABSOLUTE
    ../fplib/microlib/fpfix.c                0x00000000   Number         0  dfixi.o ABSOLUTE
    ../fplib/microlib/fpflt.c                0x00000000   Number         0  dflti.o ABSOLUTE
    ../fplib/microlib/fpflt.c                0x00000000   Number         0  dfltul.o ABSOLUTE
    ../fplib/microlib/fpmul.c                0x00000000   Number         0  dmul.o ABSOLUTE
    ../mathlib/fabs.c                        0x00000000   Number         0  fabs.o ABSOLUTE
    ../mathlib/strtod.c                      0x00000000   Number         0  strtod.o ABSOLUTE
    ..\ATCommand.c                           0x00000000   Number         0  atcommand.o ABSOLUTE
    ..\\ATCommand.c                          0x00000000   Number         0  atcommand.o ABSOLUTE
    ..\\buffer.c                             0x00000000   Number         0  buffer.o ABSOLUTE
    ..\\exti.c                               0x00000000   Number         0  exti.o ABSOLUTE
    ..\\i2c.c                                0x00000000   Number         0  i2c.o ABSOLUTE
    ..\\led.c                                0x00000000   Number         0  led.o ABSOLUTE
    ..\\main.c                               0x00000000   Number         0  main.o ABSOLUTE
    ..\\myUart.c                             0x00000000   Number         0  myuart.o ABSOLUTE
    ..\\oled.c                               0x00000000   Number         0  oled.o ABSOLUTE
    ..\\sht2x.c                              0x00000000   Number         0  sht2x.o ABSOLUTE
    ..\\source\\ti\\devices\\msp432p4xx\\startup_system_files\\system_msp432p401r.c 0x00000000   Number         0  system_msp432p401r.o ABSOLUTE
    ..\\tick.c                               0x00000000   Number         0  tick.o ABSOLUTE
    ..\buffer.c                              0x00000000   Number         0  buffer.o ABSOLUTE
    ..\cJSON.c                               0x00000000   Number         0  cjson.o ABSOLUTE
    ..\exti.c                                0x00000000   Number         0  exti.o ABSOLUTE
    ..\i2c.c                                 0x00000000   Number         0  i2c.o ABSOLUTE
    ..\led.c                                 0x00000000   Number         0  led.o ABSOLUTE
    ..\main.c                                0x00000000   Number         0  main.o ABSOLUTE
    ..\myUart.c                              0x00000000   Number         0  myuart.o ABSOLUTE
    ..\oled.c                                0x00000000   Number         0  oled.o ABSOLUTE
    ..\sht2x.c                               0x00000000   Number         0  sht2x.o ABSOLUTE
    ..\sign_mqtt.cpp                         0x00000000   Number         0  sign_mqtt.o ABSOLUTE
    ..\sign_sha256.cpp                       0x00000000   Number         0  sign_sha256.o ABSOLUTE
    ..\source\ti\devices\msp432p4xx\startup_system_files\keil\startup_msp432p401r_uvision.s 0x00000000   Number         0  startup_msp432p401r_uvision.o ABSOLUTE
    ..\source\ti\devices\msp432p4xx\startup_system_files\system_msp432p401r.c 0x00000000   Number         0  system_msp432p401r.o ABSOLUTE
    ..\tick.c                                0x00000000   Number         0  tick.o ABSOLUTE
    cdcmple.s                                0x00000000   Number         0  cdcmple.o ABSOLUTE
    cdrcmple.s                               0x00000000   Number         0  cdrcmple.o ABSOLUTE
    dc.s                                     0x00000000   Number         0  dc.o ABSOLUTE
    handlers.s                               0x00000000   Number         0  handlers.o ABSOLUTE
    init.s                                   0x00000000   Number         0  init.o ABSOLUTE
    source/ti/devices/msp432p4xx/driverlib/cpu.c 0x00000000   Number         0  cpu_MSP432P4XX.o ABSOLUTE
    source/ti/devices/msp432p4xx/driverlib/cpu.c 0x00000000   Number         0  cpu_MSP432P4XX.o ABSOLUTE
    source/ti/devices/msp432p4xx/driverlib/flash.c 0x00000000   Number         0  flash_MSP432P4XX.o ABSOLUTE
    source/ti/devices/msp432p4xx/driverlib/flash.c 0x00000000   Number         0  flash_MSP432P4XX.o ABSOLUTE
    source/ti/devices/msp432p4xx/driverlib/gpio.c 0x00000000   Number         0  gpio_MSP432P4XX.o ABSOLUTE
    source/ti/devices/msp432p4xx/driverlib/gpio.c 0x00000000   Number         0  gpio_MSP432P4XX.o ABSOLUTE
    source/ti/devices/msp432p4xx/driverlib/i2c.c 0x00000000   Number         0  i2c_MSP432P4XX.o ABSOLUTE
    source/ti/devices/msp432p4xx/driverlib/i2c.c 0x00000000   Number         0  i2c_MSP432P4XX.o ABSOLUTE
    source/ti/devices/msp432p4xx/driverlib/interrupt.c 0x00000000   Number         0  interrupt_MSP432P4XX.o ABSOLUTE
    source/ti/devices/msp432p4xx/driverlib/interrupt.c 0x00000000   Number         0  interrupt_MSP432P4XX.o ABSOLUTE
    source/ti/devices/msp432p4xx/driverlib/sysctl.c 0x00000000   Number         0  sysctl_MSP432P4XX.o ABSOLUTE
    source/ti/devices/msp432p4xx/driverlib/sysctl.c 0x00000000   Number         0  sysctl_MSP432P4XX.o ABSOLUTE
    source/ti/devices/msp432p4xx/driverlib/uart.c 0x00000000   Number         0  uart_MSP432P4XX.o ABSOLUTE
    source/ti/devices/msp432p4xx/driverlib/uart.c 0x00000000   Number         0  uart_MSP432P4XX.o ABSOLUTE
    .ARM.Collect$$$$00000000                 0x00000144   Section        0  entry.o(.ARM.Collect$$$$00000000)
    .ARM.Collect$$$$00000001                 0x00000144   Section        4  entry2.o(.ARM.Collect$$$$00000001)
    .ARM.Collect$$$$00000004                 0x00000148   Section        4  entry5.o(.ARM.Collect$$$$00000004)
    .ARM.Collect$$$$00000008                 0x0000014c   Section        0  entry7b.o(.ARM.Collect$$$$00000008)
    .ARM.Collect$$$$0000000A                 0x0000014c   Section        0  entry8b.o(.ARM.Collect$$$$0000000A)
    .ARM.Collect$$$$0000000B                 0x0000014c   Section        8  entry9a.o(.ARM.Collect$$$$0000000B)
    .ARM.Collect$$$$0000000D                 0x00000154   Section        0  entry10a.o(.ARM.Collect$$$$0000000D)
    .ARM.Collect$$$$0000000F                 0x00000154   Section        0  entry11a.o(.ARM.Collect$$$$0000000F)
    .ARM.Collect$$$$00002712                 0x00000154   Section        4  entry2.o(.ARM.Collect$$$$00002712)
    __lit__00000000                          0x00000154   Data           4  entry2.o(.ARM.Collect$$$$00002712)
    .text                                    0x00000158   Section       36  startup_msp432p401r_uvision.o(.text)
    $v0                                      0x00000158   Number         0  startup_msp432p401r_uvision.o(.text)
    .text                                    0x0000017c   Section        0  tolower.o(.text)
    .text                                    0x00000188   Section        0  memcpy.o(.text)
    .text                                    0x000001b0   Section        0  memseta.o(.text)
    .text                                    0x000001d4   Section        0  strlen.o(.text)
    .text                                    0x000001e2   Section        0  strcmp.o(.text)
    .text                                    0x000001fe   Section        0  strcpy.o(.text)
    .text                                    0x00000210   Section        0  strncmp.o(.text)
    .text                                    0x0000022e   Section        0  dadd.o(.text)
    .text                                    0x0000037c   Section        0  dmul.o(.text)
    .text                                    0x00000460   Section        0  dfixi.o(.text)
    .text                                    0x0000049e   Section        0  f2d.o(.text)
    .text                                    0x000004c4   Section       48  cdcmple.o(.text)
    .text                                    0x000004f4   Section       48  cdrcmple.o(.text)
    .text                                    0x00000524   Section        0  d2f.o(.text)
    .text                                    0x0000055c   Section        0  uidiv.o(.text)
    .text                                    0x00000588   Section        0  uldiv.o(.text)
    .text                                    0x000005ea   Section        0  llshl.o(.text)
    .text                                    0x00000608   Section        0  llushr.o(.text)
    .text                                    0x00000628   Section        0  llsshr.o(.text)
    .text                                    0x0000064c   Section        0  scanf_fp.o(.text)
    _fp_value                                0x0000064d   Thumb Code   296  scanf_fp.o(.text)
    .text                                    0x000009ac   Section        0  _sgetc.o(.text)
    .text                                    0x000009ec   Section        0  strtod.o(.text)
    _local_sscanf                            0x000009ed   Thumb Code    54  strtod.o(.text)
    .text                                    0x00000a88   Section        0  iusefp.o(.text)
    .text                                    0x00000a88   Section        0  fepilogue.o(.text)
    .text                                    0x00000af6   Section        0  depilogue.o(.text)
    .text                                    0x00000bb0   Section        0  ddiv.o(.text)
    .text                                    0x00000c8e   Section        0  dfixul.o(.text)
    .text                                    0x00000cc0   Section       36  init.o(.text)
    .text                                    0x00000ce4   Section        0  isspace_c.o(.text)
    .text                                    0x00000cee   Section        0  dfltul.o(.text)
    .text                                    0x00000d08   Section        0  ctype_c.o(.text)
    i.ATCheckSetResponse                     0x00000d30   Section        0  atcommand.o(i.ATCheckSetResponse)
    i.AT_Get_Json_In_Buffer                  0x00000e1c   Section        0  atcommand.o(i.AT_Get_Json_In_Buffer)
    i.AT_Send_message                        0x00000eb0   Section        0  atcommand.o(i.AT_Send_message)
    i.AT_generate_MQTTAUTH_command           0x00000fc8   Section        0  atcommand.o(i.AT_generate_MQTTAUTH_command)
    i.AT_generate_MQTTCID_command            0x00001090   Section        0  atcommand.o(i.AT_generate_MQTTCID_command)
    i.AT_generate_MQTTPUB_command            0x00001118   Section        0  atcommand.o(i.AT_generate_MQTTPUB_command)
    i.AT_generate_MQTTSOCK_command           0x00001230   Section        0  atcommand.o(i.AT_generate_MQTTSOCK_command)
    i.AT_generate_MQTTSUB_command            0x000012e0   Section        0  atcommand.o(i.AT_generate_MQTTSUB_command)
    i.AT_generate_wifi_connect_command       0x00001420   Section        0  atcommand.o(i.AT_generate_wifi_connect_command)
    i.BufferInit                             0x000014dc   Section        0  buffer.o(i.BufferInit)
    i.BufferLength                           0x000014f6   Section        0  buffer.o(i.BufferLength)
    i.DeBuffer                               0x00001550   Section        0  buffer.o(i.DeBuffer)
    i.EUSCIA2_IRQHandler                     0x00001580   Section        0  myuart.o(i.EUSCIA2_IRQHandler)
    i.EXTIX_Init                             0x000015c0   Section        0  exti.o(i.EXTIX_Init)
    i.EnBuffer                               0x00001610   Section        0  buffer.o(i.EnBuffer)
    i.FlashCtl_setWaitState                  0x00001660   Section        0  flash_MSP432P4XX.o(i.FlashCtl_setWaitState)
    i.GPIO_setAsOutputPin                    0x0000168c   Section        0  gpio_MSP432P4XX.o(i.GPIO_setAsOutputPin)
    i.GPIO_setOutputHighOnPin                0x000016ac   Section        0  gpio_MSP432P4XX.o(i.GPIO_setOutputHighOnPin)
    i.GPIO_setOutputLowOnPin                 0x000016c0   Section        0  gpio_MSP432P4XX.o(i.GPIO_setOutputLowOnPin)
    i.I2C_clearInterruptFlag                 0x000016d4   Section        0  i2c_MSP432P4XX.o(i.I2C_clearInterruptFlag)
    i.I2C_getInterruptStatus                 0x000016de   Section        0  i2c_MSP432P4XX.o(i.I2C_getInterruptStatus)
    i.I2C_masterIsStartSent                  0x000016e4   Section        0  i2c_MSP432P4XX.o(i.I2C_masterIsStartSent)
    i.I2C_masterIsStopSent                   0x000016f4   Section        0  i2c_MSP432P4XX.o(i.I2C_masterIsStopSent)
    i.I2C_masterReceiveMultiByteFinish       0x000016fe   Section        0  i2c_MSP432P4XX.o(i.I2C_masterReceiveMultiByteFinish)
    i.I2C_masterReceiveMultiByteStop         0x00001720   Section        0  i2c_MSP432P4XX.o(i.I2C_masterReceiveMultiByteStop)
    i.I2C_masterReceiveSingle                0x0000172c   Section        0  i2c_MSP432P4XX.o(i.I2C_masterReceiveSingle)
    i.I2C_masterReceiveStart                 0x00001746   Section        0  i2c_MSP432P4XX.o(i.I2C_masterReceiveStart)
    i.I2C_masterSendMultiByteStart           0x00001754   Section        0  i2c_MSP432P4XX.o(i.I2C_masterSendMultiByteStart)
    i.I2C_masterSendMultiByteStartWithTimeout 0x00001788   Section        0  i2c_MSP432P4XX.o(i.I2C_masterSendMultiByteStartWithTimeout)
    i.I2C_masterSendMultiByteStop            0x000017d8   Section        0  i2c_MSP432P4XX.o(i.I2C_masterSendMultiByteStop)
    i.IOT_Sign_MQTT                          0x000017f4   Section        0  sign_mqtt.o(i.IOT_Sign_MQTT)
    i.LED_Init                               0x00001a04   Section        0  led.o(i.LED_Init)
    i.OLED_Clear                             0x00001a54   Section        0  oled.o(i.OLED_Clear)
    i.OLED_Init                              0x00001a98   Section        0  oled.o(i.OLED_Init)
    i.OLED_Set_Pos                           0x00001bb4   Section        0  oled.o(i.OLED_Set_Pos)
    i.OLED_ShowChar                          0x00001be8   Section        0  oled.o(i.OLED_ShowChar)
    i.OLED_ShowString                        0x00001c40   Section        0  oled.o(i.OLED_ShowString)
    i.OLED_WR_Byte                           0x00001cd4   Section        0  oled.o(i.OLED_WR_Byte)
    i.OLED_WR_Bytes                          0x00001ce4   Section        0  oled.o(i.OLED_WR_Bytes)
    i.PORT1_IRQHandler                       0x00001d08   Section        0  exti.o(i.PORT1_IRQHandler)
    i.SHT2x_GetHumiPoll                      0x00001d40   Section        0  sht2x.o(i.SHT2x_GetHumiPoll)
    i.SHT2x_GetTempPoll                      0x00001dbc   Section        0  sht2x.o(i.SHT2x_GetTempPoll)
    i.SHT2x_Init                             0x00001e38   Section        0  sht2x.o(i.SHT2x_Init)
    i.SHT2x_SoftReset                        0x00001e58   Section        0  sht2x.o(i.SHT2x_SoftReset)
    i.SysTick_Handler                        0x00001e68   Section        0  tick.o(i.SysTick_Handler)
    i.SystemInit                             0x00001e78   Section        0  system_msp432p401r.o(i.SystemInit)
    i.UART_receiveData                       0x00001ee4   Section        0  uart_MSP432P4XX.o(i.UART_receiveData)
    i.UART_transmitData                      0x00001efe   Section        0  uart_MSP432P4XX.o(i.UART_transmitData)
    i.Usart_SendByte                         0x00001f16   Section        0  myuart.o(i.Usart_SendByte)
    i.Usart_SendString                       0x00001f26   Section        0  myuart.o(i.Usart_SendString)
    i._Z17utils_hmac_sha256PKhjS0_jPh        0x00001f42   Section        0  sign_sha256.o(i._Z17utils_hmac_sha256PKhjS0_jPh)
    i._Z17utils_sha256_initP18iot_sha256_context 0x00002004   Section        0  sign_sha256.o(i._Z17utils_sha256_initP18iot_sha256_context)
    i._Z18_sign_get_clientidPcPKcS1_         0x00002014   Section        0  sign_mqtt.o(i._Z18_sign_get_clientidPcPKcS1_)
    i._Z19utils_sha256_finishP18iot_sha256_contextPh 0x00002160   Section        0  sign_sha256.o(i._Z19utils_sha256_finishP18iot_sha256_contextPh)
    i._Z19utils_sha256_startsP18iot_sha256_context 0x000022c4   Section        0  sign_sha256.o(i._Z19utils_sha256_startsP18iot_sha256_context)
    i._Z19utils_sha256_updateP18iot_sha256_contextPKhj 0x00002314   Section        0  sign_sha256.o(i._Z19utils_sha256_updateP18iot_sha256_contextPKhj)
    i._Z20utils_sha256_processP18iot_sha256_contextPKh 0x00002390   Section        0  sign_sha256.o(i._Z20utils_sha256_processP18iot_sha256_contextPKh)
    i._Z26_iotx_generate_sign_stringPKcS0_S0_S0_S0_Pc 0x00002550   Section        0  sign_mqtt.o(i._Z26_iotx_generate_sign_stringPKcS0_S0_S0_S0_Pc)
    i._Z8_hex2strPhtPc                       0x000026c8   Section        0  sign_mqtt.o(i._Z8_hex2strPhtPc)
    _hex2str(unsigned char*, unsigned short, char*) 0x000026c9   Thumb Code    58  sign_mqtt.o(i._Z8_hex2strPhtPc)
    i.__0printf                              0x00002718   Section        0  printfa.o(i.__0printf)
    i.__0sprintf                             0x00002738   Section        0  printfa.o(i.__0sprintf)
    i.__free$realloc                         0x00002760   Section        0  mallocr.o(i.__free$realloc)
    i.__malloc$realloc                       0x000027bc   Section        0  mallocr.o(i.__malloc$realloc)
    i.__scatterload_copy                     0x0000280c   Section       14  handlers.o(i.__scatterload_copy)
    i.__scatterload_null                     0x0000281a   Section        2  handlers.o(i.__scatterload_null)
    i.__scatterload_zeroinit                 0x0000281c   Section       14  handlers.o(i.__scatterload_zeroinit)
    i._fp_digits                             0x0000282c   Section        0  printfa.o(i._fp_digits)
    _fp_digits                               0x0000282d   Thumb Code   366  printfa.o(i._fp_digits)
    i._is_digit                              0x000029b0   Section        0  scanf_fp.o(i._is_digit)
    i._printf_core                           0x000029c0   Section        0  printfa.o(i._printf_core)
    _printf_core                             0x000029c1   Thumb Code  1744  printfa.o(i._printf_core)
    i._printf_post_padding                   0x0000309c   Section        0  printfa.o(i._printf_post_padding)
    _printf_post_padding                     0x0000309d   Thumb Code    36  printfa.o(i._printf_post_padding)
    i._printf_pre_padding                    0x000030c0   Section        0  printfa.o(i._printf_pre_padding)
    _printf_pre_padding                      0x000030c1   Thumb Code    46  printfa.o(i._printf_pre_padding)
    i._sputc                                 0x000030ee   Section        0  printfa.o(i._sputc)
    _sputc                                   0x000030ef   Thumb Code    10  printfa.o(i._sputc)
    i.buffer_skip_whitespace                 0x000030f8   Section        0  cjson.o(i.buffer_skip_whitespace)
    buffer_skip_whitespace                   0x000030f9   Thumb Code    72  cjson.o(i.buffer_skip_whitespace)
    i.cJSON_Delete                           0x00003140   Section        0  cjson.o(i.cJSON_Delete)
    i.cJSON_GetObjectItemCaseSensitive       0x00003198   Section        0  cjson.o(i.cJSON_GetObjectItemCaseSensitive)
    i.cJSON_IsString                         0x000031aa   Section        0  cjson.o(i.cJSON_IsString)
    i.cJSON_New_Item                         0x000031c0   Section        0  cjson.o(i.cJSON_New_Item)
    cJSON_New_Item                           0x000031c1   Thumb Code    28  cjson.o(i.cJSON_New_Item)
    i.cJSON_Parse                            0x000031dc   Section        0  cjson.o(i.cJSON_Parse)
    i.cJSON_ParseWithLengthOpts              0x000031ec   Section        0  cjson.o(i.cJSON_ParseWithLengthOpts)
    i.cJSON_ParseWithOpts                    0x000032c0   Section        0  cjson.o(i.cJSON_ParseWithOpts)
    i.case_insensitive_strcmp                0x000032e8   Section        0  cjson.o(i.case_insensitive_strcmp)
    case_insensitive_strcmp                  0x000032e9   Thumb Code    72  cjson.o(i.case_insensitive_strcmp)
    i.checkWifiConnection                    0x00003330   Section        0  atcommand.o(i.checkWifiConnection)
    i.delay_ms                               0x00003414   Section        0  tick.o(i.delay_ms)
    i.execAT                                 0x00003430   Section        0  atcommand.o(i.execAT)
    i.fputc                                  0x000034e0   Section        0  main.o(i.fputc)
    i.get_decimal_point                      0x00003500   Section        0  cjson.o(i.get_decimal_point)
    get_decimal_point                        0x00003501   Thumb Code     4  cjson.o(i.get_decimal_point)
    i.get_object_item                        0x00003504   Section        0  cjson.o(i.get_object_item)
    get_object_item                          0x00003505   Thumb Code    82  cjson.o(i.get_object_item)
    i.ht20_i2c_bus_read                      0x00003556   Section        0  sht2x.o(i.ht20_i2c_bus_read)
    i.ht20_i2c_bus_write                     0x00003576   Section        0  sht2x.o(i.ht20_i2c_bus_write)
    i.i2c_cmd_read                           0x00003598   Section        0  i2c.o(i.i2c_cmd_read)
    i.i2c_cmd_write                          0x0000367c   Section        0  i2c.o(i.i2c_cmd_write)
    i.i2c_init                               0x000036fc   Section        0  i2c.o(i.i2c_init)
    i.internal_alloc                         0x00003758   Section        0  mallocr.o(i.internal_alloc)
    internal_alloc                           0x00003759   Thumb Code    76  mallocr.o(i.internal_alloc)
    i.isEmpty                                0x000037a8   Section        0  buffer.o(i.isEmpty)
    i.main                                   0x000037bc   Section        0  main.o(i.main)
    i.ms_ticker_init                         0x00004188   Section        0  tick.o(i.ms_ticker_init)
    i.ms_ticker_read                         0x000041e8   Section        0  tick.o(i.ms_ticker_read)
    i.myUartInit                             0x000041f4   Section        0  myuart.o(i.myUartInit)
    i.parse_array                            0x00004294   Section        0  cjson.o(i.parse_array)
    parse_array                              0x00004295   Thumb Code   248  cjson.o(i.parse_array)
    i.parse_hex4                             0x0000438c   Section        0  cjson.o(i.parse_hex4)
    parse_hex4                               0x0000438d   Thumb Code    90  cjson.o(i.parse_hex4)
    i.parse_number                           0x000043e8   Section        0  cjson.o(i.parse_number)
    parse_number                             0x000043e9   Thumb Code   316  cjson.o(i.parse_number)
    i.parse_object                           0x0000453c   Section        0  cjson.o(i.parse_object)
    parse_object                             0x0000453d   Thumb Code   318  cjson.o(i.parse_object)
    i.parse_string                           0x0000467a   Section        0  cjson.o(i.parse_string)
    parse_string                             0x0000467b   Thumb Code   396  cjson.o(i.parse_string)
    i.parse_value                            0x00004808   Section        0  cjson.o(i.parse_value)
    parse_value                              0x00004809   Thumb Code   290  cjson.o(i.parse_value)
    i.realloc                                0x00004944   Section        0  mallocr.o(i.realloc)
    i.receiveDeviceInfotFromALiIOT           0x000049b0   Section        0  atcommand.o(i.receiveDeviceInfotFromALiIOT)
    i.recoverDeviceInfo                      0x00004b90   Section        0  atcommand.o(i.recoverDeviceInfo)
    i.sendCommand                            0x00004bfc   Section        0  atcommand.o(i.sendCommand)
    i.skip_utf8_bom                          0x00004c74   Section        0  cjson.o(i.skip_utf8_bom)
    skip_utf8_bom                            0x00004c75   Thumb Code    56  cjson.o(i.skip_utf8_bom)
    i.ssd1106_delay_ms                       0x00004cb0   Section        0  oled.o(i.ssd1106_delay_ms)
    ssd1106_delay_ms                         0x00004cb1   Thumb Code    12  oled.o(i.ssd1106_delay_ms)
    i.ssd1106_i2c_bus_init                   0x00004cbc   Section        0  oled.o(i.ssd1106_i2c_bus_init)
    ssd1106_i2c_bus_init                     0x00004cbd   Thumb Code    72  oled.o(i.ssd1106_i2c_bus_init)
    i.ssd1106_i2c_bus_write                  0x00004d08   Section        0  oled.o(i.ssd1106_i2c_bus_write)
    ssd1106_i2c_bus_write                    0x00004d09   Thumb Code    32  oled.o(i.ssd1106_i2c_bus_write)
    i.storeDeviceInfo                        0x00004d28   Section        0  atcommand.o(i.storeDeviceInfo)
    i.strtod                                 0x00004dd8   Section        0  strtod.o(i.strtod)
    i.utf16_literal_to_utf8                  0x00004e08   Section        0  cjson.o(i.utf16_literal_to_utf8)
    utf16_literal_to_utf8                    0x00004e09   Thumb Code   300  cjson.o(i.utf16_literal_to_utf8)
    .constdata                               0x00004f34   Section       72  myuart.o(.constdata)
    .constdata                               0x00004f7c   Section      320  sign_sha256.o(.constdata)
    K                                        0x00004f7c   Data         256  sign_sha256.o(.constdata)
    sha256_padding                           0x0000507c   Data          64  sign_sha256.o(.constdata)
    .constdata                               0x000050bc   Section       20  i2c.o(.constdata)
    .constdata                               0x000050d0   Section     2072  oled.o(.constdata)
    .constdata                               0x000058e8   Section       76  gpio_MSP432P4XX.o(.constdata)
    GPIO_PORT_TO_INT                         0x000058e8   Data          28  gpio_MSP432P4XX.o(.constdata)
    GPIO_PORT_TO_BASE                        0x00005904   Data          48  gpio_MSP432P4XX.o(.constdata)
    .constdata                               0x00005934   Section       64  ctype_c.o(.constdata)
    .conststring                             0x00005974   Section      169  main.o(.conststring)
    .conststring                             0x00005a20   Section      343  sign_mqtt.o(.conststring)
    .data                                    0x20000000   Section        4  system_msp432p401r.o(.data)
    .data                                    0x20000004   Section       24  main.o(.data)
    .data                                    0x2000001c   Section        4  tick.o(.data)
    _ticker_count                            0x2000001c   Data           4  tick.o(.data)
    .data                                    0x20000020   Section       20  cjson.o(.data)
    global_error                             0x20000020   Data           8  cjson.o(.data)
    global_hooks                             0x20000028   Data          12  cjson.o(.data)
    .data                                    0x20000034   Section       64  sign_mqtt.o(.data)
    .data                                    0x20000074   Section        1  exti.o(.data)
    .data                                    0x20000078   Section        4  i2c.o(.data)
    i2c                                      0x20000078   Data           4  i2c.o(.data)
    .data                                    0x2000007c   Section        4  sht2x.o(.data)
    i2c                                      0x2000007c   Data           4  sht2x.o(.data)
    .data                                    0x20000080   Section        4  stdout.o(.data)
    .data                                    0x20000084   Section        4  mvars.o(.data)
    .data                                    0x20000088   Section        4  mvars.o(.data)
    .bss                                     0x2000008c   Section      150  main.o(.bss)
    .bss                                     0x20000124   Section      208  buffer.o(.bss)
    .bss                                     0x200001f4   Section      200  atcommand.o(.bss)
    HEAP                                     0x200002c0   Section     4096  startup_msp432p401r_uvision.o(HEAP)
    STACK                                    0x200012c0   Section     4096  startup_msp432p401r_uvision.o(STACK)

    Global Symbols

    Symbol Name                              Value     Ov Type        Size  Object(Section)

    BuildAttributes$$THM_ISAv4$E$P$D$K$B$S$7EM$VFPi3$EXTD16$VFPS$VFMA$PE$A:L22UL41UL21$X:L11$S22US41US21$IEEE1$IW$USESV6$~STKCKD$USESV7$~SHL$OTIME$ROPI$IEEEJ$EBA8$MICROLIB$REQ8$PRES8$EABIv2 0x00000000   Number         0  anon$$obj.o ABSOLUTE
    __ARM_use_no_argv                        0x00000000   Number         0  main.o ABSOLUTE
    __Vectors                                0x00000000   Data           4  startup_msp432p401r_uvision.o(RESET)
    _printf_a                                0x00000000   Number         0  stubs.o ABSOLUTE
    _printf_c                                0x00000000   Number         0  stubs.o ABSOLUTE
    _printf_charcount                        0x00000000   Number         0  stubs.o ABSOLUTE
    _printf_d                                0x00000000   Number         0  stubs.o ABSOLUTE
    _printf_e                                0x00000000   Number         0  stubs.o ABSOLUTE
    _printf_f                                0x00000000   Number         0  stubs.o ABSOLUTE
    _printf_flags                            0x00000000   Number         0  stubs.o ABSOLUTE
    _printf_fp_dec                           0x00000000   Number         0  stubs.o ABSOLUTE
    _printf_fp_hex                           0x00000000   Number         0  stubs.o ABSOLUTE
    _printf_g                                0x00000000   Number         0  stubs.o ABSOLUTE
    _printf_i                                0x00000000   Number         0  stubs.o ABSOLUTE
    _printf_int_dec                          0x00000000   Number         0  stubs.o ABSOLUTE
    _printf_l                                0x00000000   Number         0  stubs.o ABSOLUTE
    _printf_lc                               0x00000000   Number         0  stubs.o ABSOLUTE
    _printf_ll                               0x00000000   Number         0  stubs.o ABSOLUTE
    _printf_lld                              0x00000000   Number         0  stubs.o ABSOLUTE
    _printf_lli                              0x00000000   Number         0  stubs.o ABSOLUTE
    _printf_llo                              0x00000000   Number         0  stubs.o ABSOLUTE
    _printf_llu                              0x00000000   Number         0  stubs.o ABSOLUTE
    _printf_llx                              0x00000000   Number         0  stubs.o ABSOLUTE
    _printf_longlong_dec                     0x00000000   Number         0  stubs.o ABSOLUTE
    _printf_longlong_hex                     0x00000000   Number         0  stubs.o ABSOLUTE
    _printf_longlong_oct                     0x00000000   Number         0  stubs.o ABSOLUTE
    _printf_ls                               0x00000000   Number         0  stubs.o ABSOLUTE
    _printf_mbtowc                           0x00000000   Number         0  stubs.o ABSOLUTE
    _printf_n                                0x00000000   Number         0  stubs.o ABSOLUTE
    _printf_o                                0x00000000   Number         0  stubs.o ABSOLUTE
    _printf_p                                0x00000000   Number         0  stubs.o ABSOLUTE
    _printf_percent                          0x00000000   Number         0  stubs.o ABSOLUTE
    _printf_pre_padding                      0x00000000   Number         0  stubs.o ABSOLUTE
    _printf_return_value                     0x00000000   Number         0  stubs.o ABSOLUTE
    _printf_s                                0x00000000   Number         0  stubs.o ABSOLUTE
    _printf_sizespec                         0x00000000   Number         0  stubs.o ABSOLUTE
    _printf_str                              0x00000000   Number         0  stubs.o ABSOLUTE
    _printf_truncate_signed                  0x00000000   Number         0  stubs.o ABSOLUTE
    _printf_truncate_unsigned                0x00000000   Number         0  stubs.o ABSOLUTE
    _printf_u                                0x00000000   Number         0  stubs.o ABSOLUTE
    _printf_wc                               0x00000000   Number         0  stubs.o ABSOLUTE
    _printf_wctomb                           0x00000000   Number         0  stubs.o ABSOLUTE
    _printf_widthprec                        0x00000000   Number         0  stubs.o ABSOLUTE
    _printf_x                                0x00000000   Number         0  stubs.o ABSOLUTE
    __cpp_initialize__aeabi_                  - Undefined Weak Reference
    __cxa_finalize                            - Undefined Weak Reference
    __decompress                              - Undefined Weak Reference
    _clock_init                               - Undefined Weak Reference
    _microlib_exit                            - Undefined Weak Reference
    __Vectors_End                            0x00000144   Data           0  startup_msp432p401r_uvision.o(RESET)
    __Vectors_Size                           0x00000144   Number         0  startup_msp432p401r_uvision.o ABSOLUTE
    __main                                   0x00000145   Thumb Code     0  entry.o(.ARM.Collect$$$$00000000)
    _main_stk                                0x00000145   Thumb Code     0  entry2.o(.ARM.Collect$$$$00000001)
    _main_scatterload                        0x00000149   Thumb Code     0  entry5.o(.ARM.Collect$$$$00000004)
    __main_after_scatterload                 0x0000014d   Thumb Code     0  entry5.o(.ARM.Collect$$$$00000004)
    _main_clock                              0x0000014d   Thumb Code     0  entry7b.o(.ARM.Collect$$$$00000008)
    _main_cpp_init                           0x0000014d   Thumb Code     0  entry8b.o(.ARM.Collect$$$$0000000A)
    _main_init                               0x0000014d   Thumb Code     0  entry9a.o(.ARM.Collect$$$$0000000B)
    __rt_final_cpp                           0x00000155   Thumb Code     0  entry10a.o(.ARM.Collect$$$$0000000D)
    __rt_final_exit                          0x00000155   Thumb Code     0  entry11a.o(.ARM.Collect$$$$0000000F)
    Reset_Handler                            0x00000159   Thumb Code     8  startup_msp432p401r_uvision.o(.text)
    NMI_Handler                              0x00000161   Thumb Code     2  startup_msp432p401r_uvision.o(.text)
    HardFault_Handler                        0x00000163   Thumb Code     2  startup_msp432p401r_uvision.o(.text)
    MemManage_Handler                        0x00000165   Thumb Code     2  startup_msp432p401r_uvision.o(.text)
    BusFault_Handler                         0x00000167   Thumb Code     2  startup_msp432p401r_uvision.o(.text)
    UsageFault_Handler                       0x00000169   Thumb Code     2  startup_msp432p401r_uvision.o(.text)
    SVC_Handler                              0x0000016b   Thumb Code     2  startup_msp432p401r_uvision.o(.text)
    DebugMon_Handler                         0x0000016d   Thumb Code     2  startup_msp432p401r_uvision.o(.text)
    PendSV_Handler                           0x0000016f   Thumb Code     2  startup_msp432p401r_uvision.o(.text)
    ADC14_IRQHandler                         0x00000173   Thumb Code     0  startup_msp432p401r_uvision.o(.text)
    AES256_IRQHandler                        0x00000173   Thumb Code     0  startup_msp432p401r_uvision.o(.text)
    COMP_E0_IRQHandler                       0x00000173   Thumb Code     0  startup_msp432p401r_uvision.o(.text)
    COMP_E1_IRQHandler                       0x00000173   Thumb Code     0  startup_msp432p401r_uvision.o(.text)
    CS_IRQHandler                            0x00000173   Thumb Code     0  startup_msp432p401r_uvision.o(.text)
    DMA_ERR_IRQHandler                       0x00000173   Thumb Code     0  startup_msp432p401r_uvision.o(.text)
    DMA_INT0_IRQHandler                      0x00000173   Thumb Code     0  startup_msp432p401r_uvision.o(.text)
    DMA_INT1_IRQHandler                      0x00000173   Thumb Code     0  startup_msp432p401r_uvision.o(.text)
    DMA_INT2_IRQHandler                      0x00000173   Thumb Code     0  startup_msp432p401r_uvision.o(.text)
    DMA_INT3_IRQHandler                      0x00000173   Thumb Code     0  startup_msp432p401r_uvision.o(.text)
    EUSCIA0_IRQHandler                       0x00000173   Thumb Code     0  startup_msp432p401r_uvision.o(.text)
    EUSCIA1_IRQHandler                       0x00000173   Thumb Code     0  startup_msp432p401r_uvision.o(.text)
    EUSCIA3_IRQHandler                       0x00000173   Thumb Code     0  startup_msp432p401r_uvision.o(.text)
    EUSCIB0_IRQHandler                       0x00000173   Thumb Code     0  startup_msp432p401r_uvision.o(.text)
    EUSCIB1_IRQHandler                       0x00000173   Thumb Code     0  startup_msp432p401r_uvision.o(.text)
    EUSCIB2_IRQHandler                       0x00000173   Thumb Code     0  startup_msp432p401r_uvision.o(.text)
    EUSCIB3_IRQHandler                       0x00000173   Thumb Code     0  startup_msp432p401r_uvision.o(.text)
    FLCTL_IRQHandler                         0x00000173   Thumb Code     0  startup_msp432p401r_uvision.o(.text)
    FPU_IRQHandler                           0x00000173   Thumb Code     0  startup_msp432p401r_uvision.o(.text)
    PCM_IRQHandler                           0x00000173   Thumb Code     0  startup_msp432p401r_uvision.o(.text)
    PORT2_IRQHandler                         0x00000173   Thumb Code     0  startup_msp432p401r_uvision.o(.text)
    PORT3_IRQHandler                         0x00000173   Thumb Code     0  startup_msp432p401r_uvision.o(.text)
    PORT4_IRQHandler                         0x00000173   Thumb Code     0  startup_msp432p401r_uvision.o(.text)
    PORT5_IRQHandler                         0x00000173   Thumb Code     0  startup_msp432p401r_uvision.o(.text)
    PORT6_IRQHandler                         0x00000173   Thumb Code     0  startup_msp432p401r_uvision.o(.text)
    PSS_IRQHandler                           0x00000173   Thumb Code     0  startup_msp432p401r_uvision.o(.text)
    RTC_C_IRQHandler                         0x00000173   Thumb Code     0  startup_msp432p401r_uvision.o(.text)
    T32_INT1_IRQHandler                      0x00000173   Thumb Code     0  startup_msp432p401r_uvision.o(.text)
    T32_INT2_IRQHandler                      0x00000173   Thumb Code     0  startup_msp432p401r_uvision.o(.text)
    T32_INTC_IRQHandler                      0x00000173   Thumb Code     0  startup_msp432p401r_uvision.o(.text)
    TA0_0_IRQHandler                         0x00000173   Thumb Code     0  startup_msp432p401r_uvision.o(.text)
    TA0_N_IRQHandler                         0x00000173   Thumb Code     0  startup_msp432p401r_uvision.o(.text)
    TA1_0_IRQHandler                         0x00000173   Thumb Code     0  startup_msp432p401r_uvision.o(.text)
    TA1_N_IRQHandler                         0x00000173   Thumb Code     0  startup_msp432p401r_uvision.o(.text)
    TA2_0_IRQHandler                         0x00000173   Thumb Code     0  startup_msp432p401r_uvision.o(.text)
    TA2_N_IRQHandler                         0x00000173   Thumb Code     0  startup_msp432p401r_uvision.o(.text)
    TA3_0_IRQHandler                         0x00000173   Thumb Code     0  startup_msp432p401r_uvision.o(.text)
    TA3_N_IRQHandler                         0x00000173   Thumb Code     0  startup_msp432p401r_uvision.o(.text)
    WDT_A_IRQHandler                         0x00000173   Thumb Code     0  startup_msp432p401r_uvision.o(.text)
    tolower                                  0x0000017d   Thumb Code    12  tolower.o(.text)
    ___aeabi_memcpy8$ret                     0x00000189   Thumb Code     0  memcpy.o(.text)
    __aeabi_memcpy                           0x00000189   Thumb Code    40  memcpy.o(.text)
    __aeabi_memcpy4                          0x00000189   Thumb Code     0  memcpy.o(.text)
    memcpy                                   0x00000189   Thumb Code     0  memcpy.o(.text)
    __aeabi_memset                           0x000001b1   Thumb Code    14  memseta.o(.text)
    __aeabi_memset4                          0x000001b1   Thumb Code     0  memseta.o(.text)
    __aeabi_memset8                          0x000001b1   Thumb Code     0  memseta.o(.text)
    __aeabi_memclr                           0x000001bf   Thumb Code     4  memseta.o(.text)
    __aeabi_memclr4                          0x000001bf   Thumb Code     0  memseta.o(.text)
    __aeabi_memclr8                          0x000001bf   Thumb Code     0  memseta.o(.text)
    memset                                   0x000001c3   Thumb Code    18  memseta.o(.text)
    strlen                                   0x000001d5   Thumb Code    14  strlen.o(.text)
    strcmp                                   0x000001e3   Thumb Code    28  strcmp.o(.text)
    strcpy                                   0x000001ff   Thumb Code    18  strcpy.o(.text)
    strncmp                                  0x00000211   Thumb Code    30  strncmp.o(.text)
    __aeabi_dadd                             0x0000022f   Thumb Code   322  dadd.o(.text)
    __aeabi_dsub                             0x00000371   Thumb Code     6  dadd.o(.text)
    __aeabi_drsub                            0x00000377   Thumb Code     6  dadd.o(.text)
    __aeabi_dmul                             0x0000037d   Thumb Code   228  dmul.o(.text)
    __aeabi_d2iz                             0x00000461   Thumb Code    62  dfixi.o(.text)
    __aeabi_f2d                              0x0000049f   Thumb Code    38  f2d.o(.text)
    __aeabi_cdcmpeq                          0x000004c5   Thumb Code     0  cdcmple.o(.text)
    __aeabi_cdcmple                          0x000004c5   Thumb Code    48  cdcmple.o(.text)
    __aeabi_cdrcmple                         0x000004f5   Thumb Code    48  cdrcmple.o(.text)
    __aeabi_d2f                              0x00000525   Thumb Code    56  d2f.o(.text)
    __aeabi_uidiv                            0x0000055d   Thumb Code     0  uidiv.o(.text)
    __aeabi_uidivmod                         0x0000055d   Thumb Code    44  uidiv.o(.text)
    __aeabi_uldivmod                         0x00000589   Thumb Code    98  uldiv.o(.text)
    __aeabi_llsl                             0x000005eb   Thumb Code    30  llshl.o(.text)
    _ll_shift_l                              0x000005eb   Thumb Code     0  llshl.o(.text)
    __aeabi_llsr                             0x00000609   Thumb Code    32  llushr.o(.text)
    _ll_ushift_r                             0x00000609   Thumb Code     0  llushr.o(.text)
    __aeabi_lasr                             0x00000629   Thumb Code    36  llsshr.o(.text)
    _ll_sshift_r                             0x00000629   Thumb Code     0  llsshr.o(.text)
    _scanf_real                              0x00000775   Thumb Code     0  scanf_fp.o(.text)
    _scanf_really_real                       0x00000775   Thumb Code   556  scanf_fp.o(.text)
    _sgetc                                   0x000009ad   Thumb Code    30  _sgetc.o(.text)
    _sbackspace                              0x000009cb   Thumb Code    34  _sgetc.o(.text)
    __strtod_int                             0x00000a23   Thumb Code    90  strtod.o(.text)
    __I$use$fp                               0x00000a89   Thumb Code     0  iusefp.o(.text)
    _float_round                             0x00000a89   Thumb Code    18  fepilogue.o(.text)
    _float_epilogue                          0x00000a9b   Thumb Code    92  fepilogue.o(.text)
    _double_round                            0x00000af7   Thumb Code    30  depilogue.o(.text)
    _double_epilogue                         0x00000b15   Thumb Code   156  depilogue.o(.text)
    __aeabi_ddiv                             0x00000bb1   Thumb Code   222  ddiv.o(.text)
    __aeabi_d2ulz                            0x00000c8f   Thumb Code    48  dfixul.o(.text)
    __scatterload                            0x00000cc1   Thumb Code    28  init.o(.text)
    __scatterload_rt2                        0x00000cc1   Thumb Code     0  init.o(.text)
    isspace                                  0x00000ce5   Thumb Code    10  isspace_c.o(.text)
    __aeabi_ul2d                             0x00000cef   Thumb Code    24  dfltul.o(.text)
    __ctype_lookup                           0x00000d09   Thumb Code    34  ctype_c.o(.text)
    ATCheckSetResponse                       0x00000d31   Thumb Code   180  atcommand.o(i.ATCheckSetResponse)
    AT_Get_Json_In_Buffer                    0x00000e1d   Thumb Code   138  atcommand.o(i.AT_Get_Json_In_Buffer)
    AT_Send_message                          0x00000eb1   Thumb Code   178  atcommand.o(i.AT_Send_message)
    AT_generate_MQTTAUTH_command             0x00000fc9   Thumb Code   174  atcommand.o(i.AT_generate_MQTTAUTH_command)
    AT_generate_MQTTCID_command              0x00001091   Thumb Code   120  atcommand.o(i.AT_generate_MQTTCID_command)
    AT_generate_MQTTPUB_command              0x00001119   Thumb Code   228  atcommand.o(i.AT_generate_MQTTPUB_command)
    AT_generate_MQTTSOCK_command             0x00001231   Thumb Code   142  atcommand.o(i.AT_generate_MQTTSOCK_command)
    AT_generate_MQTTSUB_command              0x000012e1   Thumb Code   262  atcommand.o(i.AT_generate_MQTTSUB_command)
    AT_generate_wifi_connect_command         0x00001421   Thumb Code   166  atcommand.o(i.AT_generate_wifi_connect_command)
    BufferInit                               0x000014dd   Thumb Code    26  buffer.o(i.BufferInit)
    BufferLength                             0x000014f7   Thumb Code    90  buffer.o(i.BufferLength)
    DeBuffer                                 0x00001551   Thumb Code    46  buffer.o(i.DeBuffer)
    EUSCIA2_IRQHandler                       0x00001581   Thumb Code    50  myuart.o(i.EUSCIA2_IRQHandler)
    EXTIX_Init                               0x000015c1   Thumb Code    76  exti.o(i.EXTIX_Init)
    EnBuffer                                 0x00001611   Thumb Code    78  buffer.o(i.EnBuffer)
    FlashCtl_setWaitState                    0x00001661   Thumb Code    38  flash_MSP432P4XX.o(i.FlashCtl_setWaitState)
    GPIO_setAsOutputPin                      0x0000168d   Thumb Code    26  gpio_MSP432P4XX.o(i.GPIO_setAsOutputPin)
    GPIO_setOutputHighOnPin                  0x000016ad   Thumb Code    14  gpio_MSP432P4XX.o(i.GPIO_setOutputHighOnPin)
    GPIO_setOutputLowOnPin                   0x000016c1   Thumb Code    16  gpio_MSP432P4XX.o(i.GPIO_setOutputLowOnPin)
    I2C_clearInterruptFlag                   0x000016d5   Thumb Code    10  i2c_MSP432P4XX.o(i.I2C_clearInterruptFlag)
    I2C_getInterruptStatus                   0x000016df   Thumb Code     6  i2c_MSP432P4XX.o(i.I2C_getInterruptStatus)
    I2C_masterIsStartSent                    0x000016e5   Thumb Code    16  i2c_MSP432P4XX.o(i.I2C_masterIsStartSent)
    I2C_masterIsStopSent                     0x000016f5   Thumb Code    10  i2c_MSP432P4XX.o(i.I2C_masterIsStopSent)
    I2C_masterReceiveMultiByteFinish         0x000016ff   Thumb Code    34  i2c_MSP432P4XX.o(i.I2C_masterReceiveMultiByteFinish)
    I2C_masterReceiveMultiByteStop           0x00001721   Thumb Code    12  i2c_MSP432P4XX.o(i.I2C_masterReceiveMultiByteStop)
    I2C_masterReceiveSingle                  0x0000172d   Thumb Code    26  i2c_MSP432P4XX.o(i.I2C_masterReceiveSingle)
    I2C_masterReceiveStart                   0x00001747   Thumb Code    14  i2c_MSP432P4XX.o(i.I2C_masterReceiveStart)
    I2C_masterSendMultiByteStart             0x00001755   Thumb Code    52  i2c_MSP432P4XX.o(i.I2C_masterSendMultiByteStart)
    I2C_masterSendMultiByteStartWithTimeout  0x00001789   Thumb Code    80  i2c_MSP432P4XX.o(i.I2C_masterSendMultiByteStartWithTimeout)
    I2C_masterSendMultiByteStop              0x000017d9   Thumb Code    26  i2c_MSP432P4XX.o(i.I2C_masterSendMultiByteStop)
    IOT_Sign_MQTT                            0x000017f5   Thumb Code   510  sign_mqtt.o(i.IOT_Sign_MQTT)
    LED_Init                                 0x00001a05   Thumb Code    76  led.o(i.LED_Init)
    OLED_Clear                               0x00001a55   Thumb Code    64  oled.o(i.OLED_Clear)
    OLED_Init                                0x00001a99   Thumb Code   252  oled.o(i.OLED_Init)
    OLED_Set_Pos                             0x00001bb5   Thumb Code    50  oled.o(i.OLED_Set_Pos)
    OLED_ShowChar                            0x00001be9   Thumb Code    82  oled.o(i.OLED_ShowChar)
    OLED_ShowString                          0x00001c41   Thumb Code   148  oled.o(i.OLED_ShowString)
    OLED_WR_Byte                             0x00001cd5   Thumb Code    16  oled.o(i.OLED_WR_Byte)
    OLED_WR_Bytes                            0x00001ce5   Thumb Code    34  oled.o(i.OLED_WR_Bytes)
    PORT1_IRQHandler                         0x00001d09   Thumb Code    48  exti.o(i.PORT1_IRQHandler)
    SHT2x_GetHumiPoll                        0x00001d41   Thumb Code   106  sht2x.o(i.SHT2x_GetHumiPoll)
    SHT2x_GetTempPoll                        0x00001dbd   Thumb Code   106  sht2x.o(i.SHT2x_GetTempPoll)
    SHT2x_Init                               0x00001e39   Thumb Code    26  sht2x.o(i.SHT2x_Init)
    SHT2x_SoftReset                          0x00001e59   Thumb Code    16  sht2x.o(i.SHT2x_SoftReset)
    SysTick_Handler                          0x00001e69   Thumb Code    12  tick.o(i.SysTick_Handler)
    SystemInit                               0x00001e79   Thumb Code    86  system_msp432p401r.o(i.SystemInit)
    UART_receiveData                         0x00001ee5   Thumb Code    26  uart_MSP432P4XX.o(i.UART_receiveData)
    UART_transmitData                        0x00001eff   Thumb Code    24  uart_MSP432P4XX.o(i.UART_transmitData)
    Usart_SendByte                           0x00001f17   Thumb Code    16  myuart.o(i.Usart_SendByte)
    Usart_SendString                         0x00001f27   Thumb Code    28  myuart.o(i.Usart_SendString)
    utils_hmac_sha256(const unsigned char*, unsigned, const unsigned char*, unsigned, unsigned char*) 0x00001f43   Thumb Code   194  sign_sha256.o(i._Z17utils_hmac_sha256PKhjS0_jPh)
    utils_sha256_init(iot_sha256_context*)   0x00002005   Thumb Code    14  sign_sha256.o(i._Z17utils_sha256_initP18iot_sha256_context)
    _sign_get_clientid(char*, const char*, const char*) 0x00002015   Thumb Code   310  sign_mqtt.o(i._Z18_sign_get_clientidPcPKcS1_)
    utils_sha256_finish(iot_sha256_context*, unsigned char*) 0x00002161   Thumb Code   350  sign_sha256.o(i._Z19utils_sha256_finishP18iot_sha256_contextPh)
    utils_sha256_starts(iot_sha256_context*) 0x000022c5   Thumb Code    46  sign_sha256.o(i._Z19utils_sha256_startsP18iot_sha256_context)
    utils_sha256_update(iot_sha256_context*, const unsigned char*, unsigned) 0x00002315   Thumb Code   124  sign_sha256.o(i._Z19utils_sha256_updateP18iot_sha256_contextPKhj)
    utils_sha256_process(iot_sha256_context*, const unsigned char*) 0x00002391   Thumb Code   444  sign_sha256.o(i._Z20utils_sha256_processP18iot_sha256_contextPKh)
    _iotx_generate_sign_string(const char*, const char*, const char*, const char*, const char*, char*) 0x00002551   Thumb Code   306  sign_mqtt.o(i._Z26_iotx_generate_sign_stringPKcS0_S0_S0_S0_Pc)
    __0printf                                0x00002719   Thumb Code    22  printfa.o(i.__0printf)
    __1printf                                0x00002719   Thumb Code     0  printfa.o(i.__0printf)
    __2printf                                0x00002719   Thumb Code     0  printfa.o(i.__0printf)
    __c89printf                              0x00002719   Thumb Code     0  printfa.o(i.__0printf)
    printf                                   0x00002719   Thumb Code     0  printfa.o(i.__0printf)
    __0sprintf                               0x00002739   Thumb Code    34  printfa.o(i.__0sprintf)
    __1sprintf                               0x00002739   Thumb Code     0  printfa.o(i.__0sprintf)
    __2sprintf                               0x00002739   Thumb Code     0  printfa.o(i.__0sprintf)
    __c89sprintf                             0x00002739   Thumb Code     0  printfa.o(i.__0sprintf)
    sprintf                                  0x00002739   Thumb Code     0  printfa.o(i.__0sprintf)
    free                                     0x00002761   Thumb Code    88  mallocr.o(i.__free$realloc)
    malloc                                   0x000027bd   Thumb Code    64  mallocr.o(i.__malloc$realloc)
    __scatterload_copy                       0x0000280d   Thumb Code    14  handlers.o(i.__scatterload_copy)
    __scatterload_null                       0x0000281b   Thumb Code     2  handlers.o(i.__scatterload_null)
    __scatterload_zeroinit                   0x0000281d   Thumb Code    14  handlers.o(i.__scatterload_zeroinit)
    _is_digit                                0x000029b1   Thumb Code    14  scanf_fp.o(i._is_digit)
    cJSON_Delete                             0x00003141   Thumb Code    84  cjson.o(i.cJSON_Delete)
    cJSON_GetObjectItemCaseSensitive         0x00003199   Thumb Code    18  cjson.o(i.cJSON_GetObjectItemCaseSensitive)
    cJSON_IsString                           0x000031ab   Thumb Code    22  cjson.o(i.cJSON_IsString)
    cJSON_Parse                              0x000031dd   Thumb Code    16  cjson.o(i.cJSON_Parse)
    cJSON_ParseWithLengthOpts                0x000031ed   Thumb Code   204  cjson.o(i.cJSON_ParseWithLengthOpts)
    cJSON_ParseWithOpts                      0x000032c1   Thumb Code    40  cjson.o(i.cJSON_ParseWithOpts)
    checkWifiConnection                      0x00003331   Thumb Code   122  atcommand.o(i.checkWifiConnection)
    delay_ms                                 0x00003415   Thumb Code    26  tick.o(i.delay_ms)
    execAT                                   0x00003431   Thumb Code    84  atcommand.o(i.execAT)
    fputc                                    0x000034e1   Thumb Code    22  main.o(i.fputc)
    ht20_i2c_bus_read                        0x00003557   Thumb Code    32  sht2x.o(i.ht20_i2c_bus_read)
    ht20_i2c_bus_write                       0x00003577   Thumb Code    32  sht2x.o(i.ht20_i2c_bus_write)
    i2c_cmd_read                             0x00003599   Thumb Code   220  i2c.o(i.i2c_cmd_read)
    i2c_cmd_write                            0x0000367d   Thumb Code   118  i2c.o(i.i2c_cmd_write)
    i2c_init                                 0x000036fd   Thumb Code    76  i2c.o(i.i2c_init)
    isEmpty                                  0x000037a9   Thumb Code    18  buffer.o(i.isEmpty)
    main                                     0x000037bd   Thumb Code  2270  main.o(i.main)
    ms_ticker_init                           0x00004189   Thumb Code    82  tick.o(i.ms_ticker_init)
    ms_ticker_read                           0x000041e9   Thumb Code     6  tick.o(i.ms_ticker_read)
    myUartInit                               0x000041f5   Thumb Code   140  myuart.o(i.myUartInit)
    realloc                                  0x00004945   Thumb Code   102  mallocr.o(i.realloc)
    receiveDeviceInfotFromALiIOT             0x000049b1   Thumb Code   386  atcommand.o(i.receiveDeviceInfotFromALiIOT)
    recoverDeviceInfo                        0x00004b91   Thumb Code   104  atcommand.o(i.recoverDeviceInfo)
    sendCommand                              0x00004bfd   Thumb Code    62  atcommand.o(i.sendCommand)
    storeDeviceInfo                          0x00004d29   Thumb Code   168  atcommand.o(i.storeDeviceInfo)
    strtod                                   0x00004dd9   Thumb Code    34  strtod.o(i.strtod)
    i2cConfig                                0x000050bc   Data          20  i2c.o(.constdata)
    F6x8                                     0x000050d0   Data         552  oled.o(.constdata)
    F8X16                                    0x000052f8   Data        1520  oled.o(.constdata)
    __ctype_categories                       0x00005934   Data          64  ctype_c.o(.constdata)
    Region$$Table$$Base                      0x00005b78   Number         0  anon$$obj.o(Region$$Table)
    Region$$Table$$Limit                     0x00005b98   Number         0  anon$$obj.o(Region$$Table)
    SystemCoreClock                          0x20000000   Data           4  system_msp432p401r.o(.data)
    wifi_ssid                                0x20000004   Data           4  main.o(.data)
    wifi_pwd                                 0x20000008   Data           4  main.o(.data)
    ProductKey                               0x2000000c   Data           4  main.o(.data)
    ProductSecret                            0x20000010   Data           4  main.o(.data)
    DeviceName                               0x20000014   Data           4  main.o(.data)
    DeviceSecret                             0x20000018   Data           4  main.o(.data)
    g_infra_mqtt_domain                      0x20000034   Data          24  sign_mqtt.o(.data)
    clientid_kv                              0x2000004c   Data          40  sign_mqtt.o(.data)
    exti1                                    0x20000074   Data           1  exti.o(.data)
    __stdout                                 0x20000080   Data           4  stdout.o(.data)
    __microlib_freelist                      0x20000084   Data           4  mvars.o(.data)
    __microlib_freelist_initialised          0x20000088   Data           4  mvars.o(.data)
    ATCommandBuffer                          0x2000008c   Data         150  main.o(.bss)
    myBuffer                                 0x20000124   Data         208  buffer.o(.bss)
    tempBuffer                               0x200001f4   Data         200  atcommand.o(.bss)
    __heap_base                              0x200002c0   Data           0  startup_msp432p401r_uvision.o(HEAP)
    __heap_limit                             0x200012c0   Data           0  startup_msp432p401r_uvision.o(HEAP)
    __initial_sp                             0x200022c0   Data           0  startup_msp432p401r_uvision.o(STACK)



==============================================================================

Memory Map of the image

  Image Entry point : 0x00000145

  Load Region LR_IROM1 (Base: 0x00000000, Size: 0x00005c24, Max: 0x00040000, ABSOLUTE)

    Execution Region ER_IROM1 (Exec base: 0x00000000, Load base: 0x00000000, Size: 0x00005b98, Max: 0x00040000, ABSOLUTE)

    Exec Addr    Load Addr    Size         Type   Attr      Idx    E Section Name        Object

    0x00000000   0x00000000   0x00000144   Data   RO           67    RESET               startup_msp432p401r_uvision.o
    0x00000144   0x00000144   0x00000000   Code   RO         2903  * .ARM.Collect$$$$00000000  mc_w.l(entry.o)
    0x00000144   0x00000144   0x00000004   Code   RO         3235    .ARM.Collect$$$$00000001  mc_w.l(entry2.o)
    0x00000148   0x00000148   0x00000004   Code   RO         3238    .ARM.Collect$$$$00000004  mc_w.l(entry5.o)
    0x0000014c   0x0000014c   0x00000000   Code   RO         3240    .ARM.Collect$$$$00000008  mc_w.l(entry7b.o)
    0x0000014c   0x0000014c   0x00000000   Code   RO         3242    .ARM.Collect$$$$0000000A  mc_w.l(entry8b.o)
    0x0000014c   0x0000014c   0x00000008   Code   RO         3243    .ARM.Collect$$$$0000000B  mc_w.l(entry9a.o)
    0x00000154   0x00000154   0x00000000   Code   RO         3245    .ARM.Collect$$$$0000000D  mc_w.l(entry10a.o)
    0x00000154   0x00000154   0x00000000   Code   RO         3247    .ARM.Collect$$$$0000000F  mc_w.l(entry11a.o)
    0x00000154   0x00000154   0x00000004   Code   RO         3236    .ARM.Collect$$$$00002712  mc_w.l(entry2.o)
    0x00000158   0x00000158   0x00000024   Code   RO           68    .text               startup_msp432p401r_uvision.o
    0x0000017c   0x0000017c   0x0000000c   Code   RO         2906    .text               mc_w.l(tolower.o)
    0x00000188   0x00000188   0x00000028   Code   RO         2908    .text               mc_w.l(memcpy.o)
    0x000001b0   0x000001b0   0x00000024   Code   RO         2914    .text               mc_w.l(memseta.o)
    0x000001d4   0x000001d4   0x0000000e   Code   RO         2916    .text               mc_w.l(strlen.o)
    0x000001e2   0x000001e2   0x0000001c   Code   RO         2918    .text               mc_w.l(strcmp.o)
    0x000001fe   0x000001fe   0x00000012   Code   RO         2920    .text               mc_w.l(strcpy.o)
    0x00000210   0x00000210   0x0000001e   Code   RO         2922    .text               mc_w.l(strncmp.o)
    0x0000022e   0x0000022e   0x0000014e   Code   RO         3219    .text               mf_w.l(dadd.o)
    0x0000037c   0x0000037c   0x000000e4   Code   RO         3221    .text               mf_w.l(dmul.o)
    0x00000460   0x00000460   0x0000003e   Code   RO         3225    .text               mf_w.l(dfixi.o)
    0x0000049e   0x0000049e   0x00000026   Code   RO         3227    .text               mf_w.l(f2d.o)
    0x000004c4   0x000004c4   0x00000030   Code   RO         3229    .text               mf_w.l(cdcmple.o)
    0x000004f4   0x000004f4   0x00000030   Code   RO         3231    .text               mf_w.l(cdrcmple.o)
    0x00000524   0x00000524   0x00000038   Code   RO         3233    .text               mf_w.l(d2f.o)
    0x0000055c   0x0000055c   0x0000002c   Code   RO         3250    .text               mc_w.l(uidiv.o)
    0x00000588   0x00000588   0x00000062   Code   RO         3252    .text               mc_w.l(uldiv.o)
    0x000005ea   0x000005ea   0x0000001e   Code   RO         3254    .text               mc_w.l(llshl.o)
    0x00000608   0x00000608   0x00000020   Code   RO         3256    .text               mc_w.l(llushr.o)
    0x00000628   0x00000628   0x00000024   Code   RO         3258    .text               mc_w.l(llsshr.o)
    0x0000064c   0x0000064c   0x00000360   Code   RO         3268    .text               mc_w.l(scanf_fp.o)
    0x000009ac   0x000009ac   0x00000040   Code   RO         3274    .text               mc_w.l(_sgetc.o)
    0x000009ec   0x000009ec   0x0000009c   Code   RO         3276    .text               mc_w.l(strtod.o)
    0x00000a88   0x00000a88   0x00000000   Code   RO         3278    .text               mc_w.l(iusefp.o)
    0x00000a88   0x00000a88   0x0000006e   Code   RO         3279    .text               mf_w.l(fepilogue.o)
    0x00000af6   0x00000af6   0x000000ba   Code   RO         3281    .text               mf_w.l(depilogue.o)
    0x00000bb0   0x00000bb0   0x000000de   Code   RO         3283    .text               mf_w.l(ddiv.o)
    0x00000c8e   0x00000c8e   0x00000030   Code   RO         3285    .text               mf_w.l(dfixul.o)
    0x00000cbe   0x00000cbe   0x00000002   PAD
    0x00000cc0   0x00000cc0   0x00000024   Code   RO         3287    .text               mc_w.l(init.o)
    0x00000ce4   0x00000ce4   0x0000000a   Code   RO         3289    .text               mc_w.l(isspace_c.o)
    0x00000cee   0x00000cee   0x00000018   Code   RO         3295    .text               mf_w.l(dfltul.o)
    0x00000d06   0x00000d06   0x00000002   PAD
    0x00000d08   0x00000d08   0x00000028   Code   RO         3297    .text               mc_w.l(ctype_c.o)
    0x00000d30   0x00000d30   0x000000ec   Code   RO          455    i.ATCheckSetResponse  atcommand.o
    0x00000e1c   0x00000e1c   0x00000094   Code   RO          456    i.AT_Get_Json_In_Buffer  atcommand.o
    0x00000eb0   0x00000eb0   0x00000118   Code   RO          458    i.AT_Send_message   atcommand.o
    0x00000fc8   0x00000fc8   0x000000c8   Code   RO          459    i.AT_generate_MQTTAUTH_command  atcommand.o
    0x00001090   0x00001090   0x00000088   Code   RO          460    i.AT_generate_MQTTCID_command  atcommand.o
    0x00001118   0x00001118   0x00000118   Code   RO          461    i.AT_generate_MQTTPUB_command  atcommand.o
    0x00001230   0x00001230   0x000000b0   Code   RO          462    i.AT_generate_MQTTSOCK_command  atcommand.o
    0x000012e0   0x000012e0   0x00000140   Code   RO          463    i.AT_generate_MQTTSUB_command  atcommand.o
    0x00001420   0x00001420   0x000000bc   Code   RO          464    i.AT_generate_wifi_connect_command  atcommand.o
    0x000014dc   0x000014dc   0x0000001a   Code   RO          391    i.BufferInit        buffer.o
    0x000014f6   0x000014f6   0x0000005a   Code   RO          392    i.BufferLength      buffer.o
    0x00001550   0x00001550   0x0000002e   Code   RO          393    i.DeBuffer          buffer.o
    0x0000157e   0x0000157e   0x00000002   PAD
    0x00001580   0x00001580   0x00000040   Code   RO          262    i.EUSCIA2_IRQHandler  myuart.o
    0x000015c0   0x000015c0   0x00000050   Code   RO         1389    i.EXTIX_Init        exti.o
    0x00001610   0x00001610   0x0000004e   Code   RO          394    i.EnBuffer          buffer.o
    0x0000165e   0x0000165e   0x00000002   PAD
    0x00001660   0x00001660   0x0000002c   Code   RO         1796    i.FlashCtl_setWaitState  msp432p4xx_driverlib.lib(flash_MSP432P4XX.o)
    0x0000168c   0x0000168c   0x00000020   Code   RO         2051    i.GPIO_setAsOutputPin  msp432p4xx_driverlib.lib(gpio_MSP432P4XX.o)
    0x000016ac   0x000016ac   0x00000014   Code   RO         2056    i.GPIO_setOutputHighOnPin  msp432p4xx_driverlib.lib(gpio_MSP432P4XX.o)
    0x000016c0   0x000016c0   0x00000014   Code   RO         2057    i.GPIO_setOutputLowOnPin  msp432p4xx_driverlib.lib(gpio_MSP432P4XX.o)
    0x000016d4   0x000016d4   0x0000000a   Code   RO         2183    i.I2C_clearInterruptFlag  msp432p4xx_driverlib.lib(i2c_MSP432P4XX.o)
    0x000016de   0x000016de   0x00000006   Code   RO         2191    i.I2C_getInterruptStatus  msp432p4xx_driverlib.lib(i2c_MSP432P4XX.o)
    0x000016e4   0x000016e4   0x00000010   Code   RO         2198    i.I2C_masterIsStartSent  msp432p4xx_driverlib.lib(i2c_MSP432P4XX.o)
    0x000016f4   0x000016f4   0x0000000a   Code   RO         2199    i.I2C_masterIsStopSent  msp432p4xx_driverlib.lib(i2c_MSP432P4XX.o)
    0x000016fe   0x000016fe   0x00000022   Code   RO         2200    i.I2C_masterReceiveMultiByteFinish  msp432p4xx_driverlib.lib(i2c_MSP432P4XX.o)
    0x00001720   0x00001720   0x0000000c   Code   RO         2203    i.I2C_masterReceiveMultiByteStop  msp432p4xx_driverlib.lib(i2c_MSP432P4XX.o)
    0x0000172c   0x0000172c   0x0000001a   Code   RO         2204    i.I2C_masterReceiveSingle  msp432p4xx_driverlib.lib(i2c_MSP432P4XX.o)
    0x00001746   0x00001746   0x0000000e   Code   RO         2206    i.I2C_masterReceiveStart  msp432p4xx_driverlib.lib(i2c_MSP432P4XX.o)
    0x00001754   0x00001754   0x00000034   Code   RO         2211    i.I2C_masterSendMultiByteStart  msp432p4xx_driverlib.lib(i2c_MSP432P4XX.o)
    0x00001788   0x00001788   0x00000050   Code   RO         2212    i.I2C_masterSendMultiByteStartWithTimeout  msp432p4xx_driverlib.lib(i2c_MSP432P4XX.o)
    0x000017d8   0x000017d8   0x0000001a   Code   RO         2213    i.I2C_masterSendMultiByteStop  msp432p4xx_driverlib.lib(i2c_MSP432P4XX.o)
    0x000017f2   0x000017f2   0x00000002   PAD
    0x000017f4   0x000017f4   0x00000210   Code   RO         1255    i.IOT_Sign_MQTT     sign_mqtt.o
    0x00001a04   0x00001a04   0x00000050   Code   RO         1429    i.LED_Init          led.o
    0x00001a54   0x00001a54   0x00000044   Code   RO         1581    i.OLED_Clear        oled.o
    0x00001a98   0x00001a98   0x0000011c   Code   RO         1586    i.OLED_Init         oled.o
    0x00001bb4   0x00001bb4   0x00000032   Code   RO         1587    i.OLED_Set_Pos      oled.o
    0x00001be6   0x00001be6   0x00000002   PAD
    0x00001be8   0x00001be8   0x00000058   Code   RO         1589    i.OLED_ShowChar     oled.o
    0x00001c40   0x00001c40   0x00000094   Code   RO         1591    i.OLED_ShowString   oled.o
    0x00001cd4   0x00001cd4   0x00000010   Code   RO         1592    i.OLED_WR_Byte      oled.o
    0x00001ce4   0x00001ce4   0x00000022   Code   RO         1593    i.OLED_WR_Bytes     oled.o
    0x00001d06   0x00001d06   0x00000002   PAD
    0x00001d08   0x00001d08   0x00000038   Code   RO         1390    i.PORT1_IRQHandler  exti.o
    0x00001d40   0x00001d40   0x0000007c   Code   RO         1712    i.SHT2x_GetHumiPoll  sht2x.o
    0x00001dbc   0x00001dbc   0x0000007c   Code   RO         1713    i.SHT2x_GetTempPoll  sht2x.o
    0x00001e38   0x00001e38   0x00000020   Code   RO         1714    i.SHT2x_Init        sht2x.o
    0x00001e58   0x00001e58   0x00000010   Code   RO         1715    i.SHT2x_SoftReset   sht2x.o
    0x00001e68   0x00001e68   0x00000010   Code   RO          339    i.SysTick_Handler   tick.o
    0x00001e78   0x00001e78   0x0000006c   Code   RO            5    i.SystemInit        system_msp432p401r.o
    0x00001ee4   0x00001ee4   0x0000001a   Code   RO         2476    i.UART_receiveData  msp432p4xx_driverlib.lib(uart_MSP432P4XX.o)
    0x00001efe   0x00001efe   0x00000018   Code   RO         2483    i.UART_transmitData  msp432p4xx_driverlib.lib(uart_MSP432P4XX.o)
    0x00001f16   0x00001f16   0x00000010   Code   RO          263    i.Usart_SendByte    myuart.o
    0x00001f26   0x00001f26   0x0000001c   Code   RO          264    i.Usart_SendString  myuart.o
    0x00001f42   0x00001f42   0x000000c2   Code   RO         1307    i._Z17utils_hmac_sha256PKhjS0_jPh  sign_sha256.o
    0x00002004   0x00002004   0x0000000e   Code   RO         1309    i._Z17utils_sha256_initP18iot_sha256_context  sign_sha256.o
    0x00002012   0x00002012   0x00000002   PAD
    0x00002014   0x00002014   0x0000014c   Code   RO         1256    i._Z18_sign_get_clientidPcPKcS1_  sign_mqtt.o
    0x00002160   0x00002160   0x00000164   Code   RO         1310    i._Z19utils_sha256_finishP18iot_sha256_contextPh  sign_sha256.o
    0x000022c4   0x000022c4   0x00000050   Code   RO         1311    i._Z19utils_sha256_startsP18iot_sha256_context  sign_sha256.o
    0x00002314   0x00002314   0x0000007c   Code   RO         1312    i._Z19utils_sha256_updateP18iot_sha256_contextPKhj  sign_sha256.o
    0x00002390   0x00002390   0x000001c0   Code   RO         1313    i._Z20utils_sha256_processP18iot_sha256_contextPKh  sign_sha256.o
    0x00002550   0x00002550   0x00000178   Code   RO         1257    i._Z26_iotx_generate_sign_stringPKcS0_S0_S0_S0_Pc  sign_mqtt.o
    0x000026c8   0x000026c8   0x00000050   Code   RO         1258    i._Z8_hex2strPhtPc  sign_mqtt.o
    0x00002718   0x00002718   0x00000020   Code   RO         3161    i.__0printf         mc_w.l(printfa.o)
    0x00002738   0x00002738   0x00000028   Code   RO         3163    i.__0sprintf        mc_w.l(printfa.o)
    0x00002760   0x00002760   0x0000005c   Code   RO         3193    i.__free$realloc    mc_w.l(mallocr.o)
    0x000027bc   0x000027bc   0x00000050   Code   RO         3194    i.__malloc$realloc  mc_w.l(mallocr.o)
    0x0000280c   0x0000280c   0x0000000e   Code   RO         3302    i.__scatterload_copy  mc_w.l(handlers.o)
    0x0000281a   0x0000281a   0x00000002   Code   RO         3303    i.__scatterload_null  mc_w.l(handlers.o)
    0x0000281c   0x0000281c   0x0000000e   Code   RO         3304    i.__scatterload_zeroinit  mc_w.l(handlers.o)
    0x0000282a   0x0000282a   0x00000002   PAD
    0x0000282c   0x0000282c   0x00000184   Code   RO         3168    i._fp_digits        mc_w.l(printfa.o)
    0x000029b0   0x000029b0   0x0000000e   Code   RO         3270    i._is_digit         mc_w.l(scanf_fp.o)
    0x000029be   0x000029be   0x00000002   PAD
    0x000029c0   0x000029c0   0x000006dc   Code   RO         3169    i._printf_core      mc_w.l(printfa.o)
    0x0000309c   0x0000309c   0x00000024   Code   RO         3170    i._printf_post_padding  mc_w.l(printfa.o)
    0x000030c0   0x000030c0   0x0000002e   Code   RO         3171    i._printf_pre_padding  mc_w.l(printfa.o)
    0x000030ee   0x000030ee   0x0000000a   Code   RO         3173    i._sputc            mc_w.l(printfa.o)
    0x000030f8   0x000030f8   0x00000048   Code   RO          581    i.buffer_skip_whitespace  cjson.o
    0x00003140   0x00003140   0x00000058   Code   RO          613    i.cJSON_Delete      cjson.o
    0x00003198   0x00003198   0x00000012   Code   RO          627    i.cJSON_GetObjectItemCaseSensitive  cjson.o
    0x000031aa   0x000031aa   0x00000016   Code   RO          640    i.cJSON_IsString    cjson.o
    0x000031c0   0x000031c0   0x0000001c   Code   RO          643    i.cJSON_New_Item    cjson.o
    0x000031dc   0x000031dc   0x00000010   Code   RO          644    i.cJSON_Parse       cjson.o
    0x000031ec   0x000031ec   0x000000d4   Code   RO          646    i.cJSON_ParseWithLengthOpts  cjson.o
    0x000032c0   0x000032c0   0x00000028   Code   RO          647    i.cJSON_ParseWithOpts  cjson.o
    0x000032e8   0x000032e8   0x00000048   Code   RO          662    i.case_insensitive_strcmp  cjson.o
    0x00003330   0x00003330   0x000000e4   Code   RO          465    i.checkWifiConnection  atcommand.o
    0x00003414   0x00003414   0x0000001a   Code   RO          340    i.delay_ms          tick.o
    0x0000342e   0x0000342e   0x00000002   PAD
    0x00003430   0x00003430   0x000000b0   Code   RO          466    i.execAT            atcommand.o
    0x000034e0   0x000034e0   0x00000020   Code   RO           75    i.fputc             main.o
    0x00003500   0x00003500   0x00000004   Code   RO          668    i.get_decimal_point  cjson.o
    0x00003504   0x00003504   0x00000052   Code   RO          669    i.get_object_item   cjson.o
    0x00003556   0x00003556   0x00000020   Code   RO         1716    i.ht20_i2c_bus_read  sht2x.o
    0x00003576   0x00003576   0x00000020   Code   RO         1717    i.ht20_i2c_bus_write  sht2x.o
    0x00003596   0x00003596   0x00000002   PAD
    0x00003598   0x00003598   0x000000e4   Code   RO         1537    i.i2c_cmd_read      i2c.o
    0x0000367c   0x0000367c   0x00000080   Code   RO         1538    i.i2c_cmd_write     i2c.o
    0x000036fc   0x000036fc   0x0000005c   Code   RO         1539    i.i2c_init          i2c.o
    0x00003758   0x00003758   0x00000050   Code   RO         3195    i.internal_alloc    mc_w.l(mallocr.o)
    0x000037a8   0x000037a8   0x00000012   Code   RO          395    i.isEmpty           buffer.o
    0x000037ba   0x000037ba   0x00000002   PAD
    0x000037bc   0x000037bc   0x000009cc   Code   RO           76    i.main              main.o
    0x00004188   0x00004188   0x00000060   Code   RO          341    i.ms_ticker_init    tick.o
    0x000041e8   0x000041e8   0x0000000c   Code   RO          342    i.ms_ticker_read    tick.o
    0x000041f4   0x000041f4   0x000000a0   Code   RO          266    i.myUartInit        myuart.o
    0x00004294   0x00004294   0x000000f8   Code   RO          671    i.parse_array       cjson.o
    0x0000438c   0x0000438c   0x0000005a   Code   RO          672    i.parse_hex4        cjson.o
    0x000043e6   0x000043e6   0x00000002   PAD
    0x000043e8   0x000043e8   0x00000154   Code   RO          673    i.parse_number      cjson.o
    0x0000453c   0x0000453c   0x0000013e   Code   RO          674    i.parse_object      cjson.o
    0x0000467a   0x0000467a   0x0000018c   Code   RO          675    i.parse_string      cjson.o
    0x00004806   0x00004806   0x00000002   PAD
    0x00004808   0x00004808   0x0000013c   Code   RO          676    i.parse_value       cjson.o
    0x00004944   0x00004944   0x0000006c   Code   RO         3196    i.realloc           mc_w.l(mallocr.o)
    0x000049b0   0x000049b0   0x000001e0   Code   RO          467    i.receiveDeviceInfotFromALiIOT  atcommand.o
    0x00004b90   0x00004b90   0x0000006c   Code   RO          468    i.recoverDeviceInfo  atcommand.o
    0x00004bfc   0x00004bfc   0x00000078   Code   RO          469    i.sendCommand       atcommand.o
    0x00004c74   0x00004c74   0x0000003c   Code   RO          687    i.skip_utf8_bom     cjson.o
    0x00004cb0   0x00004cb0   0x0000000c   Code   RO         1595    i.ssd1106_delay_ms  oled.o
    0x00004cbc   0x00004cbc   0x0000004c   Code   RO         1596    i.ssd1106_i2c_bus_init  oled.o
    0x00004d08   0x00004d08   0x00000020   Code   RO         1597    i.ssd1106_i2c_bus_write  oled.o
    0x00004d28   0x00004d28   0x000000b0   Code   RO          470    i.storeDeviceInfo   atcommand.o
    0x00004dd8   0x00004dd8   0x00000030   Code   RO         2899    i.strtod            m_wm.l(strtod.o)
    0x00004e08   0x00004e08   0x0000012c   Code   RO          690    i.utf16_literal_to_utf8  cjson.o
    0x00004f34   0x00004f34   0x00000048   Data   RO          267    .constdata          myuart.o
    0x00004f7c   0x00004f7c   0x00000140   Data   RO         1324    .constdata          sign_sha256.o
    0x000050bc   0x000050bc   0x00000014   Data   RO         1540    .constdata          i2c.o
    0x000050d0   0x000050d0   0x00000818   Data   RO         1598    .constdata          oled.o
    0x000058e8   0x000058e8   0x0000004c   Data   RO         2060    .constdata          msp432p4xx_driverlib.lib(gpio_MSP432P4XX.o)
    0x00005934   0x00005934   0x00000040   Data   RO         3298    .constdata          mc_w.l(ctype_c.o)
    0x00005974   0x00005974   0x000000a9   Data   RO           78    .conststring        main.o
    0x00005a1d   0x00005a1d   0x00000003   PAD
    0x00005a20   0x00005a20   0x00000157   Data   RO         1263    .conststring        sign_mqtt.o
    0x00005b77   0x00005b77   0x00000001   PAD
    0x00005b78   0x00005b78   0x00000020   Data   RO         3300    Region$$Table       anon$$obj.o


    Execution Region RW_IRAM1 (Exec base: 0x20000000, Load base: 0x00005b98, Size: 0x000022c0, Max: 0x00010000, ABSOLUTE)

    Exec Addr    Load Addr    Size         Type   Attr      Idx    E Section Name        Object

    0x20000000   0x00005b98   0x00000004   Data   RW            6    .data               system_msp432p401r.o
    0x20000004   0x00005b9c   0x00000018   Data   RW           79    .data               main.o
    0x2000001c   0x00005bb4   0x00000004   Data   RW          343    .data               tick.o
    0x20000020   0x00005bb8   0x00000014   Data   RW          692    .data               cjson.o
    0x20000034   0x00005bcc   0x00000040   Data   RW         1264    .data               sign_mqtt.o
    0x20000074   0x00005c0c   0x00000001   Data   RW         1391    .data               exti.o
    0x20000075   0x00005c0d   0x00000003   PAD
    0x20000078   0x00005c10   0x00000004   Data   RW         1541    .data               i2c.o
    0x2000007c   0x00005c14   0x00000004   Data   RW         1718    .data               sht2x.o
    0x20000080   0x00005c18   0x00000004   Data   RW         3249    .data               mc_w.l(stdout.o)
    0x20000084   0x00005c1c   0x00000004   Data   RW         3260    .data               mc_w.l(mvars.o)
    0x20000088   0x00005c20   0x00000004   Data   RW         3261    .data               mc_w.l(mvars.o)
    0x2000008c        -       0x00000096   Zero   RW           77    .bss                main.o
    0x20000122   0x00005c24   0x00000002   PAD
    0x20000124        -       0x000000d0   Zero   RW          397    .bss                buffer.o
    0x200001f4        -       0x000000c8   Zero   RW          471    .bss                atcommand.o
    0x200002bc   0x00005c24   0x00000004   PAD
    0x200002c0        -       0x00001000   Zero   RW           66    HEAP                startup_msp432p401r_uvision.o
    0x200012c0        -       0x00001000   Zero   RW           65    STACK               startup_msp432p401r_uvision.o



  Load Region LR_IROM2 (Base: 0x00200000, Size: 0x00000000, Max: 0x00004000, ABSOLUTE)

    Execution Region ER_IROM2 (Exec base: 0x00200000, Load base: 0x00200000, Size: 0x00000000, Max: 0x00004000, ABSOLUTE)

    **** No section assigned to this execution region ****


==============================================================================

Image component sizes


      Code (inc. data)   RO Data    RW Data    ZI Data      Debug   Object Name

      3252        738          0          0        200      15589   atcommand.o
       258          0          0          0        208       3899   buffer.o
      2722         76          0         20          0      18275   cjson.o
       136         12          0          1          0       1196   exti.o
       448         34         20          4          0       2982   i2c.o
        80          4          0          0          0        475   led.o
      2540       1186        169         24        150     202520   main.o
       268         34         72          0          0       5846   myuart.o
       808         46       2072          0          0       7254   oled.o
       360         42          0          4          0       4780   sht2x.o
      1316        132        343         64          0      10008   sign_mqtt.o
      1216         44        320          0          0       9966   sign_sha256.o
        36          8        324          0       8192        936   startup_msp432p401r_uvision.o
       108         22          0          4          0       5415   system_msp432p401r.o
       150         24          0          4          0      32558   tick.o

    ----------------------------------------------------------------------
     13718       2402       3356        128       8756     321699   Object Totals
         0          0         32          0          0          0   (incl. Generated)
        20          0          4          3          6          0   (incl. Padding)

    ----------------------------------------------------------------------

      Code (inc. data)   RO Data    RW Data    ZI Data      Debug   Library Member Name

        48         14          0          0          0        128   strtod.o
        64          0          0          0          0         84   _sgetc.o
        40          6         64          0          0         68   ctype_c.o
         0          0          0          0          0          0   entry.o
         0          0          0          0          0          0   entry10a.o
         0          0          0          0          0          0   entry11a.o
         8          4          0          0          0          0   entry2.o
         4          0          0          0          0          0   entry5.o
         0          0          0          0          0          0   entry7b.o
         0          0          0          0          0          0   entry8b.o
         8          4          0          0          0          0   entry9a.o
        30          0          0          0          0          0   handlers.o
        36          8          0          0          0         68   init.o
        10          0          0          0          0         68   isspace_c.o
         0          0          0          0          0          0   iusefp.o
        30          0          0          0          0         68   llshl.o
        36          0          0          0          0         68   llsshr.o
        32          0          0          0          0         68   llushr.o
       360         30          0          0          0        356   mallocr.o
        40          0          0          0          0         76   memcpy.o
        36          0          0          0          0        108   memseta.o
         0          0          0          8          0          0   mvars.o
      2308         96          0          0          0        604   printfa.o
       878         12          0          0          0        216   scanf_fp.o
         0          0          0          4          0          0   stdout.o
        28          0          0          0          0         76   strcmp.o
        18          0          0          0          0         68   strcpy.o
        14          0          0          0          0         68   strlen.o
        30          0          0          0          0         80   strncmp.o
       156         12          0          0          0        120   strtod.o
        12          0          0          0          0         68   tolower.o
        44          0          0          0          0         80   uidiv.o
        98          0          0          0          0         92   uldiv.o
        48          0          0          0          0         68   cdcmple.o
        48          0          0          0          0         68   cdrcmple.o
        56          0          0          0          0         88   d2f.o
       334          0          0          0          0        148   dadd.o
       222          0          0          0          0        100   ddiv.o
       186          0          0          0          0        176   depilogue.o
        62          0          0          0          0         80   dfixi.o
        48          0          0          0          0         68   dfixul.o
        24          0          0          0          0         76   dfltul.o
       228          0          0          0          0         96   dmul.o
        38          0          0          0          0         68   f2d.o
       110          0          0          0          0        168   fepilogue.o
        44          6          0          0          0       9109   flash_MSP432P4XX.o
        72         16         76          0          0       2819   gpio_MSP432P4XX.o
       286          0          0          0          0      12291   i2c_MSP432P4XX.o
        50          0          0          0          0       1199   uart_MSP432P4XX.o

    ----------------------------------------------------------------------
      6234        208        140         12          0      29254   Library Totals
        10          0          0          0          0          0   (incl. Padding)

    ----------------------------------------------------------------------

      Code (inc. data)   RO Data    RW Data    ZI Data      Debug   Library Name

        48         14          0          0          0        128   m_wm.l
      4320        172         64         12          0       2504   mc_w.l
      1404          0          0          0          0       1204   mf_w.l
       452         22         76          0          0      25418   msp432p4xx_driverlib.lib

    ----------------------------------------------------------------------
      6234        208        140         12          0      29254   Library Totals

    ----------------------------------------------------------------------

==============================================================================


      Code (inc. data)   RO Data    RW Data    ZI Data      Debug   

     19952       2610       3496        140       8756     340029   Grand Totals
     19952       2610       3496        140       8756     340029   ELF Image Totals
     19952       2610       3496        140          0          0   ROM Totals

==============================================================================

    Total RO  Size (Code + RO Data)                23448 (  22.90kB)
    Total RW  Size (RW Data + ZI Data)              8896 (   8.69kB)
    Total ROM Size (Code + RO Data + RW Data)      23588 (  23.04kB)

==============================================================================

